<!doctype html public "-//w3c//dtd html 4.0 transitional//en">
<html><head>
<title>Static Call Graph - [.\Objects\BLE_Adapter.axf]</title></head>
<body><HR>
<H1>Static Call Graph for image .\Objects\BLE_Adapter.axf</H1><HR>
<BR><P>#&#060CALLGRAPH&#062# ARM Linker, 5060960: Last Updated: Sun Aug 27 21:40:12 2023
<BR><P>
<H3>Maximum Stack Usage =       1104 bytes + Unknown(Functions without stacksize, Cycles, Untraceable Function Pointers)</H3><H3>
Call chain for Maximum Stack Depth:</H3>
prvIdleTask &rArr; vPortSuppressTicksAndSleep &rArr; HAL_PWR_MNGR_Request &rArr; PowerSave_Setup &rArr; MrBleBiasTrimConfig
<P>
<H3>
Functions with no stack information
</H3><UL>
 <LI><a href="#[c6]">ACL_list_insert_tail</a>
 <LI><a href="#[ee]">ACL_list_remove</a>
 <LI><a href="#[9f]">Acl_Transmit_Data</a>
 <LI><a href="#[a1]">BLEPLAT_aes128_encrypt</a>
 <LI><a href="#[a4]">BLE_STACK_RadioHandler</a>
 <LI><a href="#[b4]">BLE_STACK_SleepCheck</a>
 <LI><a href="#[b9]">CST_stop</a>
 <LI><a href="#[bf]">GAP_Terminate_Link</a>
 <LI><a href="#[c2]">GAT_att_cmn_get_conn_descr_p</a>
 <LI><a href="#[c1]">GAT_att_cmn_get_conn_index</a>
 <LI><a href="#[c3]">GAT_att_cmn_send</a>
 <LI><a href="#[c7]">GAT_att_cmn_stop_timer</a>
 <LI><a href="#[cb]">GAT_att_db_find_by_def</a>
 <LI><a href="#[cc]">GAT_att_db_find_by_handle</a>
 <LI><a href="#[cd]">GAT_att_db_find_from_handle</a>
 <LI><a href="#[d0]">GAT_att_db_get_last_group_handle</a>
 <LI><a href="#[d1]">GAT_att_db_get_next</a>
 <LI><a href="#[dc]">GAT_att_srv_extract_write_packet_data</a>
 <LI><a href="#[ed]">GAT_att_srv_resp</a>
 <LI><a href="#[f2]">GAT_srv_attr_value_read</a>
 <LI><a href="#[f4]">GAT_srv_attr_value_write</a>
 <LI><a href="#[de]">GAT_srv_check_change_aware</a>
 <LI><a href="#[ea]">GAT_srv_check_perms</a>
 <LI><a href="#[df]">GAT_srv_find_by_type_attr_p</a>
 <LI><a href="#[e3]">GAT_srv_get_att_group_end_handle</a>
 <LI><a href="#[e4]">GAT_srv_get_attr_type</a>
 <LI><a href="#[eb]">GAT_srv_get_attr_value</a>
 <LI><a href="#[105]">GAT_srv_get_attribute_handle</a>
 <LI><a href="#[106]">GAT_srv_get_cccd_val</a>
 <LI><a href="#[e8]">GAT_srv_is_supported_grouping_type</a>
 <LI><a href="#[109]">GAT_srv_resp</a>
 <LI><a href="#[c5]">L2C_send_frame</a>
 <LI><a href="#[c0]">LL_Disconnect_Link</a>
 <LI><a href="#[a0]">LL_Send_ACL_Data</a>
 <LI><a href="#[14f]">LL_conn_calculate_ww</a>
 <LI><a href="#[144]">LL_conn_get_cntxt_per_p</a>
 <LI><a href="#[137]">LL_conn_get_cntxt_per_p_from_handle</a>
 <LI><a href="#[134]">LL_conn_get_conn_idx</a>
 <LI><a href="#[13f]">LL_conn_get_ctrl_pdu_data_p</a>
 <LI><a href="#[142]">LL_conn_get_enc_on</a>
 <LI><a href="#[13e]">LL_conn_get_tx_acl_blocked</a>
 <LI><a href="#[13b]">LL_conn_is_slave</a>
 <LI><a href="#[135]">LL_cpe_get_tx_terminate_in_progress</a>
 <LI><a href="#[136]">LL_cpe_set_disconnect</a>
 <LI><a href="#[b3]">LL_sched_engine</a>
 <LI><a href="#[ab]">LL_sched_get_cntxt_task</a>
 <LI><a href="#[a9]">LL_sched_get_current_taskslot_no</a>
 <LI><a href="#[ac]">LL_sched_get_done_cb</a>
 <LI><a href="#[138]">LL_sched_get_next_anchor</a>
 <LI><a href="#[13a]">LL_sched_get_next_taskslot</a>
 <LI><a href="#[aa]">LL_sched_get_per_state</a>
 <LI><a href="#[150]">LL_sched_set_taskslot_length_anchor</a>
 <LI><a href="#[a8]">LL_sched_time_t1_ge_t2</a>
 <LI><a href="#[149]">Mem_Buff_block_copy</a>
 <LI><a href="#[15d]">Mem_Buff_cmp</a>
 <LI><a href="#[170]">Mem_Buff_get</a>
 <LI><a href="#[171]">Mem_Buff_get_chain_count</a>
 <LI><a href="#[172]">Mem_Buff_get_chain_size</a>
 <LI><a href="#[15f]">Mem_Buff_read</a>
 <LI><a href="#[160]">Mem_Buff_release</a>
 <LI><a href="#[162]">Mem_Buff_resize</a>
 <LI><a href="#[163]">Mem_Buff_write</a>
 <LI><a href="#[dd]">PM_Copy_Pckt_Data</a>
 <LI><a href="#[16e]">PM_Get_Pckt</a>
 <LI><a href="#[e1]">PM_Pckt_Cmp</a>
 <LI><a href="#[f0]">PM_Release_Acl_Pckt</a>
 <LI><a href="#[c4]">PM_Resize_Pckt_Pdu_Size</a>
 <LI><a href="#[e2]">PM_Write_Pckt_Data</a>
 <LI><a href="#[fd]">SMP_check_encryption_key_size</a>
 <LI><a href="#[fc]">SMP_get_link_status</a>
 <LI><a href="#[fb]">SMP_get_remote_device_list_item</a>
 <LI><a href="#[f3]">SMP_validate_signed_packet</a>
 <LI><a href="#[ff]">UUID_cmp</a>
 <LI><a href="#[108]">UUID_cmp_128bits</a>
 <LI><a href="#[e5]">UUID_get_value_p</a>
 <LI><a href="#[100]">UUID_write_to_flat</a>
 <LI><a href="#[1a7]">aci_att_clt_exec_write_resp_event</a>
 <LI><a href="#[6d]">aci_att_clt_exec_write_resp_event_cb</a>
 <LI><a href="#[1a9]">aci_att_clt_find_by_type_value_resp_event</a>
 <LI><a href="#[66]">aci_att_clt_find_by_type_value_resp_event_cb</a>
 <LI><a href="#[1a8]">aci_att_clt_find_by_type_value_resp_event_copy</a>
 <LI><a href="#[1ab]">aci_att_clt_find_info_resp_event</a>
 <LI><a href="#[65]">aci_att_clt_find_info_resp_event_cb</a>
 <LI><a href="#[1aa]">aci_att_clt_find_info_resp_event_copy</a>
 <LI><a href="#[1ad]">aci_att_clt_prepare_write_resp_event</a>
 <LI><a href="#[6c]">aci_att_clt_prepare_write_resp_event_cb</a>
 <LI><a href="#[1ac]">aci_att_clt_prepare_write_resp_event_copy</a>
 <LI><a href="#[1af]">aci_att_clt_read_blob_resp_event</a>
 <LI><a href="#[69]">aci_att_clt_read_blob_resp_event_cb</a>
 <LI><a href="#[1ae]">aci_att_clt_read_blob_resp_event_copy</a>
 <LI><a href="#[1b1]">aci_att_clt_read_by_group_type_resp_event</a>
 <LI><a href="#[6b]">aci_att_clt_read_by_group_type_resp_event_cb</a>
 <LI><a href="#[1b0]">aci_att_clt_read_by_group_type_resp_event_copy</a>
 <LI><a href="#[1b3]">aci_att_clt_read_by_type_resp_event</a>
 <LI><a href="#[67]">aci_att_clt_read_by_type_resp_event_cb</a>
 <LI><a href="#[1b2]">aci_att_clt_read_by_type_resp_event_copy</a>
 <LI><a href="#[1b5]">aci_att_clt_read_multiple_resp_event</a>
 <LI><a href="#[6a]">aci_att_clt_read_multiple_resp_event_cb</a>
 <LI><a href="#[1b4]">aci_att_clt_read_multiple_resp_event_copy</a>
 <LI><a href="#[1b7]">aci_att_clt_read_resp_event</a>
 <LI><a href="#[68]">aci_att_clt_read_resp_event_cb</a>
 <LI><a href="#[1b6]">aci_att_clt_read_resp_event_copy</a>
 <LI><a href="#[1b8]">aci_att_exchange_mtu_resp_event</a>
 <LI><a href="#[64]">aci_att_exchange_mtu_resp_event_cb</a>
 <LI><a href="#[1b9]">aci_att_srv_exec_write_req_event</a>
 <LI><a href="#[78]">aci_att_srv_exec_write_req_event_cb</a>
 <LI><a href="#[1ba]">aci_att_srv_prepare_write_req_event</a>
 <LI><a href="#[77]">aci_att_srv_prepare_write_req_event_cb</a>
 <LI><a href="#[1bb]">aci_att_srv_prepare_write_req_event_copy</a>
 <LI><a href="#[d9]">aci_event_fifo_push</a>
 <LI><a href="#[d8]">aci_event_fifo_push_header</a>
 <LI><a href="#[1bd]">aci_gap_addr_not_resolved_event</a>
 <LI><a href="#[56]">aci_gap_addr_not_resolved_event_cb</a>
 <LI><a href="#[1be]">aci_gap_bond_lost_event</a>
 <LI><a href="#[54]">aci_gap_bond_lost_event_cb</a>
 <LI><a href="#[1c0]">aci_gap_keypress_notification_event</a>
 <LI><a href="#[1bf]">aci_gap_keypress_notification_event_cb</a>
 <LI><a href="#[1c1]">aci_gap_limited_discoverable_event</a>
 <LI><a href="#[50]">aci_gap_limited_discoverable_event_cb</a>
 <LI><a href="#[1c3]">aci_gap_numeric_comparison_value_event</a>
 <LI><a href="#[1c2]">aci_gap_numeric_comparison_value_event_cb</a>
 <LI><a href="#[51]">aci_gap_pairing_complete_event_cb</a>
 <LI><a href="#[52]">aci_gap_pass_key_req_event_cb</a>
 <LI><a href="#[55]">aci_gap_proc_complete_event_cb</a>
 <LI><a href="#[1c7]">aci_gap_slave_security_initiated_event</a>
 <LI><a href="#[53]">aci_gap_slave_security_initiated_event_cb</a>
 <LI><a href="#[1c8]">aci_gap_terminate</a>
 <LI><a href="#[72]">aci_gatt_clt_disc_read_char_by_uuid_resp_event_cb</a>
 <LI><a href="#[71]">aci_gatt_clt_error_resp_event_cb</a>
 <LI><a href="#[1cc]">aci_gatt_clt_indication_event</a>
 <LI><a href="#[6e]">aci_gatt_clt_indication_event_cb</a>
 <LI><a href="#[1cb]">aci_gatt_clt_indication_event_copy</a>
 <LI><a href="#[6f]">aci_gatt_clt_notification_event_cb</a>
 <LI><a href="#[1cd]">aci_gatt_clt_notification_event_copy</a>
 <LI><a href="#[1cf]">aci_gatt_clt_proc_complete_event</a>
 <LI><a href="#[70]">aci_gatt_clt_proc_complete_event_cb</a>
 <LI><a href="#[1d0]">aci_gatt_proc_timeout_event</a>
 <LI><a href="#[63]">aci_gatt_proc_timeout_event_cb</a>
 <LI><a href="#[62]">aci_gatt_srv_attribute_modified_event_cb</a>
 <LI><a href="#[1d2]">aci_gatt_srv_confirmation_event</a>
 <LI><a href="#[74]">aci_gatt_srv_confirmation_event_cb</a>
 <LI><a href="#[1d3]">aci_gatt_srv_read_event</a>
 <LI><a href="#[75]">aci_gatt_srv_read_event_cb</a>
 <LI><a href="#[1d4]">aci_gatt_srv_write_event</a>
 <LI><a href="#[76]">aci_gatt_srv_write_event_cb</a>
 <LI><a href="#[1d5]">aci_gatt_srv_write_event_copy</a>
 <LI><a href="#[73]">aci_gatt_tx_pool_available_event_cb</a>
 <LI><a href="#[1d7]">aci_hal_adv_scan_resp_data_update_event</a>
 <LI><a href="#[3f]">aci_hal_adv_scan_resp_data_update_event_cb</a>
 <LI><a href="#[3e]">aci_hal_fw_error_event_cb</a>
 <LI><a href="#[1da]">aci_hal_scan_req_report_event</a>
 <LI><a href="#[1d9]">aci_hal_scan_req_report_event_cb</a>
 <LI><a href="#[1dc]">aci_l2cap_cfc_connection_event</a>
 <LI><a href="#[1db]">aci_l2cap_cfc_connection_event_cb</a>
 <LI><a href="#[1dd]">aci_l2cap_command_reject_event</a>
 <LI><a href="#[5f]">aci_l2cap_command_reject_event_cb</a>
 <LI><a href="#[1de]">aci_l2cap_connection_update_req_event</a>
 <LI><a href="#[5b]">aci_l2cap_connection_update_req_event_cb</a>
 <LI><a href="#[1df]">aci_l2cap_connection_update_resp_event</a>
 <LI><a href="#[59]">aci_l2cap_connection_update_resp_event_cb</a>
 <LI><a href="#[1e1]">aci_l2cap_disconnection_complete_event</a>
 <LI><a href="#[1e0]">aci_l2cap_disconnection_complete_event_cb</a>
 <LI><a href="#[1e3]">aci_l2cap_flow_control_credit_event</a>
 <LI><a href="#[1e2]">aci_l2cap_flow_control_credit_event_cb</a>
 <LI><a href="#[1e5]">aci_l2cap_proc_timeout_event</a>
 <LI><a href="#[5a]">aci_l2cap_proc_timeout_event_cb</a>
 <LI><a href="#[1e4]">aci_l2cap_proc_timeout_event_copy</a>
 <LI><a href="#[1e7]">aci_l2cap_sdu_data_rx_event</a>
 <LI><a href="#[1e6]">aci_l2cap_sdu_data_rx_event_cb</a>
 <LI><a href="#[1e9]">aci_l2cap_sdu_data_tx_event</a>
 <LI><a href="#[1e8]">aci_l2cap_sdu_data_tx_event_cb</a>
 <LI><a href="#[1ec]">hci_authenticated_payload_timeout_expired_event</a>
 <LI><a href="#[3c]">hci_authenticated_payload_timeout_expired_event_cb</a>
 <LI><a href="#[1ed]">hci_data_buffer_overflow_event</a>
 <LI><a href="#[3b]">hci_data_buffer_overflow_event_cb</a>
 <LI><a href="#[2c]">hci_disconnection_complete_event_cb</a>
 <LI><a href="#[2d]">hci_encryption_change_event_cb</a>
 <LI><a href="#[1f0]">hci_encryption_key_refresh_complete_event</a>
 <LI><a href="#[2e]">hci_encryption_key_refresh_complete_event_cb</a>
 <LI><a href="#[1f2]">hci_le_advertising_report_event</a>
 <LI><a href="#[1f1]">hci_le_advertising_report_event_cb</a>
 <LI><a href="#[1f4]">hci_le_advertising_set_terminated_event</a>
 <LI><a href="#[1f3]">hci_le_advertising_set_terminated_event_cb</a>
 <LI><a href="#[1f5]">hci_le_channel_selection_algorithm_event</a>
 <LI><a href="#[48]">hci_le_channel_selection_algorithm_event_cb</a>
 <LI><a href="#[2f]">hci_le_connection_complete_event_cb</a>
 <LI><a href="#[4a]">hci_le_connection_iq_report_event_cb_ucfg</a>
 <LI><a href="#[28a]">hci_le_connection_iq_report_event_cb_ucfg_weak</a>
 <LI><a href="#[1f7]">hci_le_connection_update_complete_event</a>
 <LI><a href="#[40]">hci_le_connection_update_complete_event_cb</a>
 <LI><a href="#[49]">hci_le_connectionless_iq_report_event_cb_ucfg</a>
 <LI><a href="#[28b]">hci_le_connectionless_iq_report_event_cb_ucfg_weak</a>
 <LI><a href="#[4b]">hci_le_cte_request_failed_event_cb_ucfg</a>
 <LI><a href="#[28c]">hci_le_cte_request_failed_event_cb_ucfg_weak</a>
 <LI><a href="#[1f9]">hci_le_data_length_change_event</a>
 <LI><a href="#[1f8]">hci_le_data_length_change_event_cb</a>
 <LI><a href="#[1fb]">hci_le_direct_advertising_report_event</a>
 <LI><a href="#[1fa]">hci_le_direct_advertising_report_event_cb</a>
 <LI><a href="#[1fc]">hci_le_encrypt</a>
 <LI><a href="#[34]">hci_le_enhanced_connection_complete_event_cb</a>
 <LI><a href="#[1fe]">hci_le_extended_advertising_report_event_cb</a>
 <LI><a href="#[201]">hci_le_generate_dhkey_complete_event</a>
 <LI><a href="#[200]">hci_le_generate_dhkey_complete_event_cb</a>
 <LI><a href="#[202]">hci_le_long_term_key_request_event</a>
 <LI><a href="#[31]">hci_le_long_term_key_request_event_cb</a>
 <LI><a href="#[204]">hci_le_path_loss_threshold_event</a>
 <LI><a href="#[203]">hci_le_path_loss_threshold_event_cb</a>
 <LI><a href="#[206]">hci_le_periodic_advertising_report_event</a>
 <LI><a href="#[205]">hci_le_periodic_advertising_report_event_cb</a>
 <LI><a href="#[208]">hci_le_periodic_advertising_sync_established_event</a>
 <LI><a href="#[207]">hci_le_periodic_advertising_sync_established_event_cb</a>
 <LI><a href="#[20a]">hci_le_periodic_advertising_sync_lost_event</a>
 <LI><a href="#[209]">hci_le_periodic_advertising_sync_lost_event_cb</a>
 <LI><a href="#[20c]">hci_le_periodic_advertising_sync_transfer_received_event</a>
 <LI><a href="#[20b]">hci_le_periodic_advertising_sync_transfer_received_event_cb</a>
 <LI><a href="#[20e]">hci_le_phy_update_complete_event</a>
 <LI><a href="#[20d]">hci_le_phy_update_complete_event_cb</a>
 <LI><a href="#[210]">hci_le_read_local_p256_public_key_complete_event</a>
 <LI><a href="#[20f]">hci_le_read_local_p256_public_key_complete_event_cb</a>
 <LI><a href="#[211]">hci_le_read_remote_used_features_complete_event</a>
 <LI><a href="#[41]">hci_le_read_remote_used_features_complete_event_cb</a>
 <LI><a href="#[213]">hci_le_scan_request_received_event</a>
 <LI><a href="#[212]">hci_le_scan_request_received_event_cb</a>
 <LI><a href="#[215]">hci_le_scan_timeout_event</a>
 <LI><a href="#[214]">hci_le_scan_timeout_event_cb</a>
 <LI><a href="#[217]">hci_le_transmit_power_reporting_event</a>
 <LI><a href="#[216]">hci_le_transmit_power_reporting_event_cb</a>
 <LI><a href="#[219]">hci_number_of_completed_packets_event</a>
 <LI><a href="#[3a]">hci_number_of_completed_packets_event_cb</a>
 <LI><a href="#[218]">hci_number_of_completed_packets_event_copy</a>
 <LI><a href="#[21a]">hci_read_remote_version_information_complete_event</a>
 <LI><a href="#[39]">hci_read_remote_version_information_complete_event_cb</a>
 <LI><a href="#[21b]">hci_rx_acl_data_event</a>
 <LI><a href="#[4f]">hci_rx_acl_data_event_cb</a>
 <LI><a href="#[190]">sma_CMAC_generate_tag</a>
 <LI><a href="#[18f]">smp_get_CSRK</a>
 <LI><a href="#[b5]">tsk_no_idle_check</a>
 <LI><a href="#[b2]">tsk_notify_idx</a>
 <LI><a href="#[161]">tsk_signal_resource_idx</a>
 <LI><a href="#[143]">LL_channel_selection_algorithm_2</a>
 <LI><a href="#[148]">LL_conn_check_unmapped_channel_in_ch_map</a>
 <LI><a href="#[141]">LL_conn_copy_tx_data_packet</a>
 <LI><a href="#[14a]">LL_conn_get_ctrl_flds_isr_p</a>
 <LI><a href="#[14b]">LL_conn_get_ctrl_pdu_ctrl_fld_p</a>
 <LI><a href="#[146]">LL_conn_modulo_37</a>
 <LI><a href="#[13c]">LL_conn_slave_latency_cancelation</a>
 <LI><a href="#[139]">LL_conn_time_t1_lessthan_t2</a>
 <LI><a href="#[145]">LL_pseudo_rand_num_gen</a>
 <LI><a href="#[151]">LL_cpe_get_ctrl_flds_common_p</a>
 <LI><a href="#[1bc]">fifoBuf_getFreeHeader</a>
 <LI><a href="#[f5]">GAT_srv_attr_direct_value_write</a>
 <LI><a href="#[fa]">GAT_srv_check_sec_perm</a>
 <LI><a href="#[fe]">GAT_srv_find_from_handle_p</a>
 <LI><a href="#[102]">GAT_srv_get_chr_decl_val</a>
 <LI><a href="#[104]">GAT_srv_get_chr_descr_val</a>
 <LI><a href="#[103]">GAT_srv_get_chr_val</a>
 <LI><a href="#[107]">GAT_srv_get_fast_buffer_val</a>
 <LI><a href="#[101]">GAT_srv_get_incl_srv_val</a>
 <LI><a href="#[f7]">GAT_srv_get_zip_val</a>
 <LI><a href="#[f9]">GAT_srv_set_cccd_val</a>
 <LI><a href="#[f8]">GAT_srv_set_zip_val</a>
 <LI><a href="#[f6]">aci_gatt_srv_attribute_modified_event_push</a>
 <LI><a href="#[15c]">LL_sched_calculate_priority</a>
 <LI><a href="#[154]">LL_sched_engine_manage_skip_cancel_slot</a>
 <LI><a href="#[152]">LL_sched_get_cntxt_common_p</a>
 <LI><a href="#[153]">LL_sched_get_cntxt_per_p</a>
 <LI><a href="#[155]">LL_sched_return_token</a>
 <LI><a href="#[15b]">LL_sched_time_t1_lessthan_t2</a>
 <LI><a href="#[16f]">PM_Check_And_Set</a>
 <LI><a href="#[242]">sma_generate_subkeys</a>
 <LI><a href="#[243]">sma_left_shift</a>
 <LI><a href="#[244]">tsk_bitmap_not_zero</a>
 <LI><a href="#[1a2]">Timer_StartFirstActive_sysT</a>
 <LI><a href="#[ba]">Timer_TryStartFirstActive</a>
 <LI><a href="#[c9]">GAT_att_db_find_attr_idx_from_handle</a>
 <LI><a href="#[c8]">GAT_att_db_find_attr_idx_with_conf_def</a>
 <LI><a href="#[ca]">GAT_att_db_find_attr_idx_with_handle</a>
 <LI><a href="#[cf]">GAT_att_db_get_att_idx</a>
 <LI><a href="#[ce]">GAT_att_db_get_last_group_attribute</a>
 <LI><a href="#[d2]">GAT_att_srv_alloc_resp_packt</a>
 <LI><a href="#[d5]">GAT_att_srv_common_check</a>
 <LI><a href="#[82]">GAT_att_srv_confirm_exc</a>
 <LI><a href="#[79]">GAT_att_srv_exchange_mtu_exc</a>
 <LI><a href="#[81]">GAT_att_srv_exec_wr_exc</a>
 <LI><a href="#[7b]">GAT_att_srv_find_by_type_val_exc</a>
 <LI><a href="#[7a]">GAT_att_srv_find_info_exc</a>
 <LI><a href="#[d3]">GAT_att_srv_get_exec_fn_id_by_op</a>
 <LI><a href="#[d6]">GAT_att_srv_get_handle_range</a>
 <LI><a href="#[80]">GAT_att_srv_prep_wr_exc</a>
 <LI><a href="#[7c]">GAT_att_srv_read_by_type_exc</a>
 <LI><a href="#[7d]">GAT_att_srv_read_exc</a>
 <LI><a href="#[7e]">GAT_att_srv_read_multi_exc</a>
 <LI><a href="#[f1]">GAT_att_srv_run</a>
 <LI><a href="#[ef]">GAT_att_srv_send_response</a>
 <LI><a href="#[e7]">GAT_att_srv_set_attr_value_check</a>
 <LI><a href="#[e0]">GAT_att_srv_value_read</a>
 <LI><a href="#[d7]">GAT_att_srv_write_err_packet</a>
 <LI><a href="#[7f]">GAT_att_srv_write_exc</a>
 <LI><a href="#[e9]">GAT_srv_find_by_handle_p</a>
 <LI><a href="#[d4]">PM_Get_Host_Pckt</a>
 <LI><a href="#[ec]">aci_gatt_srv_read_event_push</a>
 <LI><a href="#[db]">aci_hal_fw_error_event_push</a>
</UL>
</UL>
<P>
<H3>
Mutually Recursive functions
</H3> <LI><a href="#[8]">HardFault_IRQHandler</a>&nbsp;&nbsp;&nbsp;&rArr;&nbsp;&nbsp;&nbsp;<a href="#[8]">HardFault_IRQHandler</a><BR>
 <LI><a href="#[244]">tsk_bitmap_not_zero</a>&nbsp;&nbsp;&nbsp;&rArr;&nbsp;&nbsp;&nbsp;<a href="#[244]">tsk_bitmap_not_zero</a><BR>
</UL>
<P>
<H3>
Function Pointers
</H3><UL>
 <LI><a href="#[18]">ADC_IRQHandler</a> from system_bluenrg_lp.o(i.ADC_IRQHandler) referenced from system_bluenrg_lp.o(.intvec)
 <LI><a href="#[1f]">BLE_AES_IRQHandler</a> from system_bluenrg_lp.o(i.BLE_AES_IRQHandler) referenced from system_bluenrg_lp.o(.intvec)
 <LI><a href="#[20]">BLE_ERROR_IRQHandler</a> from ble_event.o(i.BLE_ERROR_IRQHandler) referenced from system_bluenrg_lp.o(.intvec)
 <LI><a href="#[25]">BLE_RXTX_SEQ_IRQHandler</a> from system_bluenrg_lp.o(i.BLE_RXTX_SEQ_IRQHandler) referenced from system_bluenrg_lp.o(.intvec)
 <LI><a href="#[1e]">BLE_TX_RX_IRQHandler</a> from ble_event.o(i.BLE_TX_RX_IRQHandler) referenced from system_bluenrg_lp.o(.intvec)
 <LI><a href="#[24]">BLE_WKUP_IRQHandler</a> from ble_event.o(i.BLE_WKUP_IRQHandler) referenced from system_bluenrg_lp.o(.intvec)
 <LI><a href="#[23]">CPU_WKUP_IRQHandler</a> from ble_event.o(i.CPU_WKUP_IRQHandler) referenced from system_bluenrg_lp.o(.intvec)
 <LI><a href="#[1d]">DMA_IRQHandler</a> from bluenrg_lp_it.o(i.DMA_IRQHandler) referenced from system_bluenrg_lp.o(.intvec)
 <LI><a href="#[c]">FLASH_IRQHandler</a> from system_bluenrg_lp.o(i.FLASH_IRQHandler) referenced from system_bluenrg_lp.o(.intvec)
 <LI><a href="#[82]">GAT_att_srv_confirm_exc</a> from gat_att_srv.o(i.GAT_att_srv_confirm_exc) referenced from gat_att_srv.o(.constdata)
 <LI><a href="#[79]">GAT_att_srv_exchange_mtu_exc</a> from gat_att_srv.o(i.GAT_att_srv_exchange_mtu_exc) referenced from gat_att_srv.o(.constdata)
 <LI><a href="#[81]">GAT_att_srv_exec_wr_exc</a> from gat_att_srv.o(i.GAT_att_srv_exec_wr_exc) referenced from gat_att_srv.o(.constdata)
 <LI><a href="#[7b]">GAT_att_srv_find_by_type_val_exc</a> from gat_att_srv.o(i.GAT_att_srv_find_by_type_val_exc) referenced from gat_att_srv.o(.constdata)
 <LI><a href="#[7a]">GAT_att_srv_find_info_exc</a> from gat_att_srv.o(i.GAT_att_srv_find_info_exc) referenced from gat_att_srv.o(.constdata)
 <LI><a href="#[80]">GAT_att_srv_prep_wr_exc</a> from gat_att_srv.o(i.GAT_att_srv_prep_wr_exc) referenced from gat_att_srv.o(.constdata)
 <LI><a href="#[7c]">GAT_att_srv_read_by_type_exc</a> from gat_att_srv.o(i.GAT_att_srv_read_by_type_exc) referenced 2 times from gat_att_srv.o(.constdata)
 <LI><a href="#[7d]">GAT_att_srv_read_exc</a> from gat_att_srv.o(i.GAT_att_srv_read_exc) referenced 2 times from gat_att_srv.o(.constdata)
 <LI><a href="#[7e]">GAT_att_srv_read_multi_exc</a> from gat_att_srv.o(i.GAT_att_srv_read_multi_exc) referenced from gat_att_srv.o(.constdata)
 <LI><a href="#[7f]">GAT_att_srv_write_exc</a> from gat_att_srv.o(i.GAT_att_srv_write_exc) referenced 3 times from gat_att_srv.o(.constdata)
 <LI><a href="#[1b]">GPIOA_IRQHandler</a> from system_bluenrg_lp.o(i.GPIOA_IRQHandler) referenced from system_bluenrg_lp.o(.intvec)
 <LI><a href="#[1c]">GPIOB_IRQHandler</a> from system_bluenrg_lp.o(i.GPIOB_IRQHandler) referenced from system_bluenrg_lp.o(.intvec)
 <LI><a href="#[8]">HardFault_IRQHandler</a> from bluenrg_lp_it.o(i.HardFault_IRQHandler) referenced from system_bluenrg_lp.o(.intvec)
 <LI><a href="#[f]">I2C1_IRQHandler</a> from system_bluenrg_lp.o(i.I2C1_IRQHandler) referenced from system_bluenrg_lp.o(.intvec)
 <LI><a href="#[10]">I2C2_IRQHandler</a> from system_bluenrg_lp.o(i.I2C2_IRQHandler) referenced from system_bluenrg_lp.o(.intvec)
 <LI><a href="#[15]">LPUART1_IRQHandler</a> from system_bluenrg_lp.o(i.LPUART1_IRQHandler) referenced from system_bluenrg_lp.o(.intvec)
 <LI><a href="#[22]">MR_BLE_IRQHandler</a> from system_bluenrg_lp.o(i.MR_BLE_IRQHandler) referenced from system_bluenrg_lp.o(.intvec)
 <LI><a href="#[7]">NMI_IRQHandler</a> from ble_event.o(i.NMI_IRQHandler) referenced from system_bluenrg_lp.o(.intvec)
 <LI><a href="#[19]">PKA_IRQHandler</a> from pka_manager_bluenrg_lp.o(i.PKA_IRQHandler) referenced from system_bluenrg_lp.o(.intvec)
 <LI><a href="#[e]">PVD_IRQHandler</a> from system_bluenrg_lp.o(i.PVD_IRQHandler) referenced from system_bluenrg_lp.o(.intvec)
 <LI><a href="#[a]">PendSV_IRQHandler</a> from port.o(.emb_text) referenced from system_bluenrg_lp.o(.intvec)
 <LI><a href="#[21]">RADIO_CTRL_IRQHandler</a> from system_bluenrg_lp.o(i.RADIO_CTRL_IRQHandler) referenced from system_bluenrg_lp.o(.intvec)
 <LI><a href="#[d]">RCC_IRQHandler</a> from system_bluenrg_lp.o(i.RCC_IRQHandler) referenced from system_bluenrg_lp.o(.intvec)
 <LI><a href="#[6]">RESET_HANDLER</a> from system_bluenrg_lp.o(i.RESET_HANDLER) referenced from system_bluenrg_lp.o(.intvec)
 <LI><a href="#[17]">RTC_IRQHandler</a> from system_bluenrg_lp.o(i.RTC_IRQHandler) referenced from system_bluenrg_lp.o(.intvec)
 <LI><a href="#[11]">SPI1_IRQHandler</a> from system_bluenrg_lp.o(i.SPI1_IRQHandler) referenced from system_bluenrg_lp.o(.intvec)
 <LI><a href="#[12]">SPI2_IRQHandler</a> from system_bluenrg_lp.o(i.SPI2_IRQHandler) referenced from system_bluenrg_lp.o(.intvec)
 <LI><a href="#[13]">SPI3_IRQHandler</a> from system_bluenrg_lp.o(i.SPI3_IRQHandler) referenced from system_bluenrg_lp.o(.intvec)
 <LI><a href="#[9]">SVC_IRQHandler</a> from port.o(i.SVC_IRQHandler) referenced from system_bluenrg_lp.o(.intvec)
 <LI><a href="#[b]">SysTick_IRQHandler</a> from port.o(i.SysTick_IRQHandler) referenced from system_bluenrg_lp.o(.intvec)
 <LI><a href="#[16]">TIM1_IRQHandler</a> from system_bluenrg_lp.o(i.TIM1_IRQHandler) referenced from system_bluenrg_lp.o(.intvec)
 <LI><a href="#[26]">UART_DMAAbortOnError</a> from rf_driver_hal_uart.o(i.UART_DMAAbortOnError) referenced from rf_driver_hal_uart.o(i.HAL_UART_IRQHandler)
 <LI><a href="#[1a]">UPCONV_IRQHandler</a> from system_bluenrg_lp.o(i.UPCONV_IRQHandler) referenced from system_bluenrg_lp.o(.intvec)
 <LI><a href="#[14]">USART1_IRQHandler</a> from bluenrg_lp_it.o(i.USART1_IRQHandler) referenced from system_bluenrg_lp.o(.intvec)
 <LI><a href="#[6d]">aci_att_clt_exec_write_resp_event_cb</a> from events_gatt.o(i.aci_att_clt_exec_write_resp_event_cb) referenced from events_int.o(.constdata)
 <LI><a href="#[66]">aci_att_clt_find_by_type_value_resp_event_cb</a> from events_gatt.o(i.aci_att_clt_find_by_type_value_resp_event_cb) referenced from events_int.o(.constdata)
 <LI><a href="#[65]">aci_att_clt_find_info_resp_event_cb</a> from events_gatt.o(i.aci_att_clt_find_info_resp_event_cb) referenced from events_int.o(.constdata)
 <LI><a href="#[6c]">aci_att_clt_prepare_write_resp_event_cb</a> from events_gatt.o(i.aci_att_clt_prepare_write_resp_event_cb) referenced from events_int.o(.constdata)
 <LI><a href="#[69]">aci_att_clt_read_blob_resp_event_cb</a> from events_gatt.o(i.aci_att_clt_read_blob_resp_event_cb) referenced from events_int.o(.constdata)
 <LI><a href="#[6b]">aci_att_clt_read_by_group_type_resp_event_cb</a> from events_gatt.o(i.aci_att_clt_read_by_group_type_resp_event_cb) referenced from events_int.o(.constdata)
 <LI><a href="#[67]">aci_att_clt_read_by_type_resp_event_cb</a> from events_gatt.o(i.aci_att_clt_read_by_type_resp_event_cb) referenced from events_int.o(.constdata)
 <LI><a href="#[6a]">aci_att_clt_read_multiple_resp_event_cb</a> from events_gatt.o(i.aci_att_clt_read_multiple_resp_event_cb) referenced from events_int.o(.constdata)
 <LI><a href="#[68]">aci_att_clt_read_resp_event_cb</a> from events_gatt.o(i.aci_att_clt_read_resp_event_cb) referenced from events_int.o(.constdata)
 <LI><a href="#[64]">aci_att_exchange_mtu_resp_event_cb</a> from events_gatt.o(i.aci_att_exchange_mtu_resp_event_cb) referenced from events_int.o(.constdata)
 <LI><a href="#[78]">aci_att_srv_exec_write_req_event_cb</a> from events_gatt.o(i.aci_att_srv_exec_write_req_event_cb) referenced from events_int.o(.constdata)
 <LI><a href="#[77]">aci_att_srv_prepare_write_req_event_cb</a> from events_gatt.o(i.aci_att_srv_prepare_write_req_event_cb) referenced from events_int.o(.constdata)
 <LI><a href="#[56]">aci_gap_addr_not_resolved_event_cb</a> from events_gap.o(i.aci_gap_addr_not_resolved_event_cb) referenced from events_int.o(.constdata)
 <LI><a href="#[54]">aci_gap_bond_lost_event_cb</a> from events_smp.o(i.aci_gap_bond_lost_event_cb) referenced from events_int.o(.constdata)
 <LI><a href="#[58]">aci_gap_keypress_notification_event_cb_ucfg</a> from stack_user_cfg.o(i.aci_gap_keypress_notification_event_cb_ucfg) referenced from events_int.o(.constdata)
 <LI><a href="#[50]">aci_gap_limited_discoverable_event_cb</a> from events_gap.o(i.aci_gap_limited_discoverable_event_cb) referenced from events_int.o(.constdata)
 <LI><a href="#[57]">aci_gap_numeric_comparison_value_event_cb_ucfg</a> from stack_user_cfg.o(i.aci_gap_numeric_comparison_value_event_cb_ucfg) referenced from events_int.o(.constdata)
 <LI><a href="#[51]">aci_gap_pairing_complete_event_cb</a> from events_smp.o(i.aci_gap_pairing_complete_event_cb) referenced from events_int.o(.constdata)
 <LI><a href="#[52]">aci_gap_pass_key_req_event_cb</a> from events_smp.o(i.aci_gap_pass_key_req_event_cb) referenced from events_int.o(.constdata)
 <LI><a href="#[55]">aci_gap_proc_complete_event_cb</a> from events_gap.o(i.aci_gap_proc_complete_event_cb) referenced from events_int.o(.constdata)
 <LI><a href="#[53]">aci_gap_slave_security_initiated_event_cb</a> from events_smp.o(i.aci_gap_slave_security_initiated_event_cb) referenced from events_int.o(.constdata)
 <LI><a href="#[72]">aci_gatt_clt_disc_read_char_by_uuid_resp_event_cb</a> from events_gatt.o(i.aci_gatt_clt_disc_read_char_by_uuid_resp_event_cb) referenced from events_int.o(.constdata)
 <LI><a href="#[71]">aci_gatt_clt_error_resp_event_cb</a> from events_gatt.o(i.aci_gatt_clt_error_resp_event_cb) referenced from events_int.o(.constdata)
 <LI><a href="#[6e]">aci_gatt_clt_indication_event_cb</a> from events_gatt.o(i.aci_gatt_clt_indication_event_cb) referenced from events_int.o(.constdata)
 <LI><a href="#[6f]">aci_gatt_clt_notification_event_cb</a> from events_gatt.o(i.aci_gatt_clt_notification_event_cb) referenced from events_int.o(.constdata)
 <LI><a href="#[70]">aci_gatt_clt_proc_complete_event_cb</a> from events_gatt.o(i.aci_gatt_clt_proc_complete_event_cb) referenced from events_int.o(.constdata)
 <LI><a href="#[63]">aci_gatt_proc_timeout_event_cb</a> from events_gatt.o(i.aci_gatt_proc_timeout_event_cb) referenced from events_int.o(.constdata)
 <LI><a href="#[62]">aci_gatt_srv_attribute_modified_event_cb</a> from events_gatt.o(i.aci_gatt_srv_attribute_modified_event_cb) referenced from events_int.o(.constdata)
 <LI><a href="#[74]">aci_gatt_srv_confirmation_event_cb</a> from events_gatt.o(i.aci_gatt_srv_confirmation_event_cb) referenced from events_int.o(.constdata)
 <LI><a href="#[75]">aci_gatt_srv_read_event_cb</a> from events_gatt.o(i.aci_gatt_srv_read_event_cb) referenced from events_int.o(.constdata)
 <LI><a href="#[76]">aci_gatt_srv_write_event_cb</a> from events_gatt.o(i.aci_gatt_srv_write_event_cb) referenced from events_int.o(.constdata)
 <LI><a href="#[73]">aci_gatt_tx_pool_available_event_cb</a> from events_gatt.o(i.aci_gatt_tx_pool_available_event_cb) referenced from events_int.o(.constdata)
 <LI><a href="#[3f]">aci_hal_adv_scan_resp_data_update_event_cb</a> from events_llc.o(i.aci_hal_adv_scan_resp_data_update_event_cb) referenced from events_int.o(.constdata)
 <LI><a href="#[3e]">aci_hal_fw_error_event_cb</a> from events_llc.o(i.aci_hal_fw_error_event_cb) referenced from events_int.o(.constdata)
 <LI><a href="#[3d]">aci_hal_scan_req_report_event_cb_ucfg</a> from stack_user_cfg.o(i.aci_hal_scan_req_report_event_cb_ucfg) referenced from events_int.o(.constdata)
 <LI><a href="#[5c]">aci_l2cap_cfc_connection_event_cb_ucfg</a> from stack_user_cfg.o(i.aci_l2cap_cfc_connection_event_cb_ucfg) referenced from events_int.o(.constdata)
 <LI><a href="#[5f]">aci_l2cap_command_reject_event_cb</a> from events_l2cap.o(i.aci_l2cap_command_reject_event_cb) referenced from events_int.o(.constdata)
 <LI><a href="#[5b]">aci_l2cap_connection_update_req_event_cb</a> from events_l2cap.o(i.aci_l2cap_connection_update_req_event_cb) referenced from events_int.o(.constdata)
 <LI><a href="#[59]">aci_l2cap_connection_update_resp_event_cb</a> from events_l2cap.o(i.aci_l2cap_connection_update_resp_event_cb) referenced from events_int.o(.constdata)
 <LI><a href="#[5d]">aci_l2cap_disconnection_complete_event_cb_ucfg</a> from stack_user_cfg.o(i.aci_l2cap_disconnection_complete_event_cb_ucfg) referenced from events_int.o(.constdata)
 <LI><a href="#[5e]">aci_l2cap_flow_control_credit_event_cb_ucfg</a> from stack_user_cfg.o(i.aci_l2cap_flow_control_credit_event_cb_ucfg) referenced from events_int.o(.constdata)
 <LI><a href="#[5a]">aci_l2cap_proc_timeout_event_cb</a> from events_l2cap.o(i.aci_l2cap_proc_timeout_event_cb) referenced from events_int.o(.constdata)
 <LI><a href="#[61]">aci_l2cap_sdu_data_rx_event_cb_ucfg</a> from stack_user_cfg.o(i.aci_l2cap_sdu_data_rx_event_cb_ucfg) referenced from events_int.o(.constdata)
 <LI><a href="#[60]">aci_l2cap_sdu_data_tx_event_cb_ucfg</a> from stack_user_cfg.o(i.aci_l2cap_sdu_data_tx_event_cb_ucfg) referenced from events_int.o(.constdata)
 <LI><a href="#[27]">ble_evt_handle_task</a> from tasks.o(i.ble_evt_handle_task) referenced from tasks.o(i.System_Task_Init)
 <LI><a href="#[3c]">hci_authenticated_payload_timeout_expired_event_cb</a> from events_hci.o(i.hci_authenticated_payload_timeout_expired_event_cb) referenced from events_int.o(.constdata)
 <LI><a href="#[3b]">hci_data_buffer_overflow_event_cb</a> from events_hci.o(i.hci_data_buffer_overflow_event_cb) referenced from events_int.o(.constdata)
 <LI><a href="#[2c]">hci_disconnection_complete_event_cb</a> from events_hci.o(i.hci_disconnection_complete_event_cb) referenced from events_int.o(.constdata)
 <LI><a href="#[2d]">hci_encryption_change_event_cb</a> from events_hci.o(i.hci_encryption_change_event_cb) referenced from events_int.o(.constdata)
 <LI><a href="#[2e]">hci_encryption_key_refresh_complete_event_cb</a> from events_hci.o(i.hci_encryption_key_refresh_complete_event_cb) referenced from events_int.o(.constdata)
 <LI><a href="#[30]">hci_le_advertising_report_event_cb_ucfg</a> from stack_user_cfg.o(i.hci_le_advertising_report_event_cb_ucfg) referenced from events_int.o(.constdata)
 <LI><a href="#[38]">hci_le_advertising_set_terminated_event_cb_ucfg</a> from stack_user_cfg.o(i.hci_le_advertising_set_terminated_event_cb_ucfg) referenced from events_int.o(.constdata)
 <LI><a href="#[48]">hci_le_channel_selection_algorithm_event_cb</a> from events_hci.o(i.hci_le_channel_selection_algorithm_event_cb) referenced from events_int.o(.constdata)
 <LI><a href="#[2f]">hci_le_connection_complete_event_cb</a> from events_hci.o(i.hci_le_connection_complete_event_cb) referenced from events_int.o(.constdata)
 <LI><a href="#[4a]">hci_le_connection_iq_report_event_cb_ucfg</a> from events_hci.o(i.hci_le_connection_iq_report_event_cb_ucfg_weak) referenced from events_int.o(.constdata)
 <LI><a href="#[40]">hci_le_connection_update_complete_event_cb</a> from events_hci.o(i.hci_le_connection_update_complete_event_cb) referenced from events_int.o(.constdata)
 <LI><a href="#[49]">hci_le_connectionless_iq_report_event_cb_ucfg</a> from events_hci.o(i.hci_le_connectionless_iq_report_event_cb_ucfg_weak) referenced from events_int.o(.constdata)
 <LI><a href="#[4b]">hci_le_cte_request_failed_event_cb_ucfg</a> from events_hci.o(i.hci_le_cte_request_failed_event_cb_ucfg_weak) referenced from events_int.o(.constdata)
 <LI><a href="#[42]">hci_le_data_length_change_event_cb_ucfg</a> from stack_user_cfg.o(i.hci_le_data_length_change_event_cb_ucfg) referenced from events_int.o(.constdata)
 <LI><a href="#[35]">hci_le_direct_advertising_report_event_cb_ucfg</a> from stack_user_cfg.o(i.hci_le_direct_advertising_report_event_cb_ucfg) referenced from events_int.o(.constdata)
 <LI><a href="#[34]">hci_le_enhanced_connection_complete_event_cb</a> from events_hci.o(i.hci_le_enhanced_connection_complete_event_cb) referenced from events_int.o(.constdata)
 <LI><a href="#[36]">hci_le_extended_advertising_report_event_cb_ucfg</a> from stack_user_cfg.o(i.hci_le_extended_advertising_report_event_cb_ucfg) referenced from events_int.o(.constdata)
 <LI><a href="#[33]">hci_le_generate_dhkey_complete_event_cb_ucfg</a> from stack_user_cfg.o(i.hci_le_generate_dhkey_complete_event_cb_ucfg) referenced from events_int.o(.constdata)
 <LI><a href="#[31]">hci_le_long_term_key_request_event_cb</a> from events_hci.o(i.hci_le_long_term_key_request_event_cb) referenced from events_int.o(.constdata)
 <LI><a href="#[4d]">hci_le_path_loss_threshold_event_cb_ucfg</a> from stack_user_cfg.o(i.hci_le_path_loss_threshold_event_cb_ucfg) referenced from events_int.o(.constdata)
 <LI><a href="#[45]">hci_le_periodic_advertising_report_event_cb_ucfg</a> from stack_user_cfg.o(i.hci_le_periodic_advertising_report_event_cb_ucfg) referenced from events_int.o(.constdata)
 <LI><a href="#[44]">hci_le_periodic_advertising_sync_established_event_cb_ucfg</a> from stack_user_cfg.o(i.hci_le_periodic_advertising_sync_established_event_cb_ucfg) referenced from events_int.o(.constdata)
 <LI><a href="#[46]">hci_le_periodic_advertising_sync_lost_event_cb_ucfg</a> from stack_user_cfg.o(i.hci_le_periodic_advertising_sync_lost_event_cb_ucfg) referenced from events_int.o(.constdata)
 <LI><a href="#[4c]">hci_le_periodic_advertising_sync_transfer_received_event_cb_ucfg</a> from stack_user_cfg.o(i.hci_le_periodic_advertising_sync_transfer_received_event_cb_ucfg) referenced from events_int.o(.constdata)
 <LI><a href="#[43]">hci_le_phy_update_complete_event_cb_ucfg</a> from stack_user_cfg.o(i.hci_le_phy_update_complete_event_cb_ucfg) referenced from events_int.o(.constdata)
 <LI><a href="#[32]">hci_le_read_local_p256_public_key_complete_event_cb_ucfg</a> from stack_user_cfg.o(i.hci_le_read_local_p256_public_key_complete_event_cb_ucfg) referenced from events_int.o(.constdata)
 <LI><a href="#[41]">hci_le_read_remote_used_features_complete_event_cb</a> from events_hci.o(i.hci_le_read_remote_used_features_complete_event_cb) referenced from events_int.o(.constdata)
 <LI><a href="#[47]">hci_le_scan_request_received_event_cb_ucfg</a> from stack_user_cfg.o(i.hci_le_scan_request_received_event_cb_ucfg) referenced from events_int.o(.constdata)
 <LI><a href="#[37]">hci_le_scan_timeout_event_cb_ucfg</a> from stack_user_cfg.o(i.hci_le_scan_timeout_event_cb_ucfg) referenced from events_int.o(.constdata)
 <LI><a href="#[4e]">hci_le_transmit_power_reporting_event_cb_ucfg</a> from stack_user_cfg.o(i.hci_le_transmit_power_reporting_event_cb_ucfg) referenced from events_int.o(.constdata)
 <LI><a href="#[3a]">hci_number_of_completed_packets_event_cb</a> from events_hci.o(i.hci_number_of_completed_packets_event_cb) referenced from events_int.o(.constdata)
 <LI><a href="#[39]">hci_read_remote_version_information_complete_event_cb</a> from events_hci.o(i.hci_read_remote_version_information_complete_event_cb) referenced from events_int.o(.constdata)
 <LI><a href="#[4f]">hci_rx_acl_data_event_cb</a> from events_hci.o(i.hci_rx_acl_data_event_cb) referenced from events_int.o(.constdata)
 <LI><a href="#[2a]">prvIdleTask</a> from tasks_1.o(i.prvIdleTask) referenced from tasks_1.o(i.vTaskStartScheduler)
 <LI><a href="#[29]">prvTaskExitError</a> from port.o(i.prvTaskExitError) referenced from port.o(i.pxPortInitialiseStack)
 <LI><a href="#[2b]">prvTimerTask</a> from timers.o(i.prvTimerTask) referenced from timers.o(i.xTimerCreateTimerTask)
 <LI><a href="#[28]">usart1_receive_handle_task</a> from tasks.o(i.usart1_receive_handle_task) referenced from tasks.o(i.System_Task_Init)
</UL>
<P>
<H3>
Global Symbols
</H3>
<P><STRONG><a name="[83]"></a>__main</STRONG> (Thumb, 8 bytes, Stack size 0 bytes, __main.o(!!!main))
<BR><BR>[Calls]<UL><LI><a href="#[84]">&gt;&gt;</a>&nbsp;&nbsp;&nbsp;__scatterload
<LI><a href="#[85]">&gt;&gt;</a>&nbsp;&nbsp;&nbsp;__rt_entry
</UL>
<BR>[Called By]<UL><LI><a href="#[6]">&gt;&gt;</a>&nbsp;&nbsp;&nbsp;RESET_HANDLER
</UL>

<P><STRONG><a name="[84]"></a>__scatterload</STRONG> (Thumb, 0 bytes, Stack size unknown bytes, __scatter.o(!!!scatter))
<BR><BR>[Called By]<UL><LI><a href="#[83]">&gt;&gt;</a>&nbsp;&nbsp;&nbsp;__main
</UL>

<P><STRONG><a name="[86]"></a>__scatterload_rt2</STRONG> (Thumb, 52 bytes, Stack size unknown bytes, __scatter.o(!!!scatter), UNUSED)
<BR><BR>[Calls]<UL><LI><a href="#[85]">&gt;&gt;</a>&nbsp;&nbsp;&nbsp;__rt_entry
</UL>

<P><STRONG><a name="[255]"></a>__scatterload_rt2_thumb_only</STRONG> (Thumb, 0 bytes, Stack size unknown bytes, __scatter.o(!!!scatter), UNUSED)

<P><STRONG><a name="[256]"></a>__scatterload_null</STRONG> (Thumb, 0 bytes, Stack size unknown bytes, __scatter.o(!!!scatter), UNUSED)

<P><STRONG><a name="[87]"></a>__scatterload_copy</STRONG> (Thumb, 26 bytes, Stack size unknown bytes, __scatter_copy.o(!!handler_copy), UNUSED)
<BR><BR>[Calls]<UL><LI><a href="#[87]">&gt;&gt;</a>&nbsp;&nbsp;&nbsp;__scatterload_copy
</UL>
<BR>[Called By]<UL><LI><a href="#[87]">&gt;&gt;</a>&nbsp;&nbsp;&nbsp;__scatterload_copy
</UL>

<P><STRONG><a name="[257]"></a>__scatterload_zeroinit</STRONG> (Thumb, 28 bytes, Stack size unknown bytes, __scatter_zi.o(!!handler_zi), UNUSED)

<P><STRONG><a name="[88]"></a>blue_unit_conversion</STRONG> (Thumb, 52 bytes, Stack size 0 bytes, blue_unit_conversion.o(. text))
<BR><BR>[Calls]<UL><LI><a href="#[89]">&gt;&gt;</a>&nbsp;&nbsp;&nbsp;mul32
</UL>
<BR>[Called By]<UL><LI><a href="#[19f]">&gt;&gt;</a>&nbsp;&nbsp;&nbsp;TIMER_SetRadioTimerValue
<LI><a href="#[19e]">&gt;&gt;</a>&nbsp;&nbsp;&nbsp;TIMER_SetRadioHostWakeupTime
<LI><a href="#[19c]">&gt;&gt;</a>&nbsp;&nbsp;&nbsp;TIMER_GetPastSysTime
<LI><a href="#[19d]">&gt;&gt;</a>&nbsp;&nbsp;&nbsp;get_system_time_and_machine
</UL>

<P><STRONG><a name="[17c]"></a>CS_contextSave</STRONG> (Thumb, 52 bytes, Stack size 0 bytes, context_switch.o(. text))
<BR><BR>[Called By]<UL><LI><a href="#[118]">&gt;&gt;</a>&nbsp;&nbsp;&nbsp;PowerSave_Setup
</UL>

<P><STRONG><a name="[1a5]"></a>CS_contextRestore</STRONG> (Thumb, 42 bytes, Stack size 0 bytes, context_switch.o(. text))
<BR><BR>[Called By]<UL><LI><a href="#[181]">&gt;&gt;</a>&nbsp;&nbsp;&nbsp;__low_level_init
</UL>

<P><STRONG><a name="[da]"></a>Osal_MemCpy</STRONG> (Thumb, 174 bytes, Stack size 0 bytes, osal_memcpy.o(. text))
<BR><BR>[Called By]<UL><LI><a href="#[118]">&gt;&gt;</a>&nbsp;&nbsp;&nbsp;PowerSave_Setup
<LI><a href="#[1fc]">&gt;&gt;</a>&nbsp;&nbsp;&nbsp;hci_le_encrypt
<LI><a href="#[b3]">&gt;&gt;</a>&nbsp;&nbsp;&nbsp;LL_sched_engine
<LI><a href="#[104]">&gt;&gt;</a>&nbsp;&nbsp;&nbsp;GAT_srv_get_chr_descr_val
<LI><a href="#[102]">&gt;&gt;</a>&nbsp;&nbsp;&nbsp;GAT_srv_get_chr_decl_val
<LI><a href="#[1cd]">&gt;&gt;</a>&nbsp;&nbsp;&nbsp;aci_gatt_clt_notification_event_copy
<LI><a href="#[1cb]">&gt;&gt;</a>&nbsp;&nbsp;&nbsp;aci_gatt_clt_indication_event_copy
<LI><a href="#[1ac]">&gt;&gt;</a>&nbsp;&nbsp;&nbsp;aci_att_clt_prepare_write_resp_event_copy
<LI><a href="#[db]">&gt;&gt;</a>&nbsp;&nbsp;&nbsp;aci_hal_fw_error_event_push
<LI><a href="#[7f]">&gt;&gt;</a>&nbsp;&nbsp;&nbsp;GAT_att_srv_write_exc
<LI><a href="#[d7]">&gt;&gt;</a>&nbsp;&nbsp;&nbsp;GAT_att_srv_write_err_packet
<LI><a href="#[7d]">&gt;&gt;</a>&nbsp;&nbsp;&nbsp;GAT_att_srv_read_exc
<LI><a href="#[7c]">&gt;&gt;</a>&nbsp;&nbsp;&nbsp;GAT_att_srv_read_by_type_exc
<LI><a href="#[80]">&gt;&gt;</a>&nbsp;&nbsp;&nbsp;GAT_att_srv_prep_wr_exc
<LI><a href="#[d6]">&gt;&gt;</a>&nbsp;&nbsp;&nbsp;GAT_att_srv_get_handle_range
<LI><a href="#[7b]">&gt;&gt;</a>&nbsp;&nbsp;&nbsp;GAT_att_srv_find_by_type_val_exc
<LI><a href="#[79]">&gt;&gt;</a>&nbsp;&nbsp;&nbsp;GAT_att_srv_exchange_mtu_exc
<LI><a href="#[18f]">&gt;&gt;</a>&nbsp;&nbsp;&nbsp;smp_get_CSRK
<LI><a href="#[190]">&gt;&gt;</a>&nbsp;&nbsp;&nbsp;sma_CMAC_generate_tag
<LI><a href="#[163]">&gt;&gt;</a>&nbsp;&nbsp;&nbsp;Mem_Buff_write
<LI><a href="#[15f]">&gt;&gt;</a>&nbsp;&nbsp;&nbsp;Mem_Buff_read
<LI><a href="#[100]">&gt;&gt;</a>&nbsp;&nbsp;&nbsp;UUID_write_to_flat
<LI><a href="#[108]">&gt;&gt;</a>&nbsp;&nbsp;&nbsp;UUID_cmp_128bits
<LI><a href="#[e4]">&gt;&gt;</a>&nbsp;&nbsp;&nbsp;GAT_srv_get_attr_type
<LI><a href="#[f6]">&gt;&gt;</a>&nbsp;&nbsp;&nbsp;aci_gatt_srv_attribute_modified_event_push
<LI><a href="#[101]">&gt;&gt;</a>&nbsp;&nbsp;&nbsp;GAT_srv_get_incl_srv_val
</UL>

<P><STRONG><a name="[8b]"></a>__rt_lib_init</STRONG> (Thumb, 0 bytes, Stack size unknown bytes, libinit.o(.ARM.Collect$$libinit$$00000000))
<BR><BR>[Called By]<UL><LI><a href="#[8a]">&gt;&gt;</a>&nbsp;&nbsp;&nbsp;__rt_entry_li
</UL>

<P><STRONG><a name="[258]"></a>__rt_lib_init_alloca_1</STRONG> (Thumb, 0 bytes, Stack size unknown bytes, libinit2.o(.ARM.Collect$$libinit$$0000002E))

<P><STRONG><a name="[259]"></a>__rt_lib_init_argv_1</STRONG> (Thumb, 0 bytes, Stack size unknown bytes, libinit2.o(.ARM.Collect$$libinit$$0000002C))

<P><STRONG><a name="[25a]"></a>__rt_lib_init_atexit_1</STRONG> (Thumb, 0 bytes, Stack size unknown bytes, libinit2.o(.ARM.Collect$$libinit$$0000001B))

<P><STRONG><a name="[25b]"></a>__rt_lib_init_clock_1</STRONG> (Thumb, 0 bytes, Stack size unknown bytes, libinit2.o(.ARM.Collect$$libinit$$00000021))

<P><STRONG><a name="[25c]"></a>__rt_lib_init_cpp_1</STRONG> (Thumb, 0 bytes, Stack size unknown bytes, libinit2.o(.ARM.Collect$$libinit$$00000032))

<P><STRONG><a name="[25d]"></a>__rt_lib_init_exceptions_1</STRONG> (Thumb, 0 bytes, Stack size unknown bytes, libinit2.o(.ARM.Collect$$libinit$$00000030))

<P><STRONG><a name="[25e]"></a>__rt_lib_init_fp_1</STRONG> (Thumb, 0 bytes, Stack size unknown bytes, libinit2.o(.ARM.Collect$$libinit$$00000002))

<P><STRONG><a name="[25f]"></a>__rt_lib_init_fp_trap_1</STRONG> (Thumb, 0 bytes, Stack size unknown bytes, libinit2.o(.ARM.Collect$$libinit$$0000001F))

<P><STRONG><a name="[260]"></a>__rt_lib_init_getenv_1</STRONG> (Thumb, 0 bytes, Stack size unknown bytes, libinit2.o(.ARM.Collect$$libinit$$00000023))

<P><STRONG><a name="[261]"></a>__rt_lib_init_heap_1</STRONG> (Thumb, 0 bytes, Stack size unknown bytes, libinit2.o(.ARM.Collect$$libinit$$0000000A))

<P><STRONG><a name="[262]"></a>__rt_lib_init_lc_collate_1</STRONG> (Thumb, 0 bytes, Stack size unknown bytes, libinit2.o(.ARM.Collect$$libinit$$00000011))

<P><STRONG><a name="[263]"></a>__rt_lib_init_lc_ctype_1</STRONG> (Thumb, 0 bytes, Stack size unknown bytes, libinit2.o(.ARM.Collect$$libinit$$00000013))

<P><STRONG><a name="[264]"></a>__rt_lib_init_lc_monetary_1</STRONG> (Thumb, 0 bytes, Stack size unknown bytes, libinit2.o(.ARM.Collect$$libinit$$00000015))

<P><STRONG><a name="[265]"></a>__rt_lib_init_lc_numeric_1</STRONG> (Thumb, 0 bytes, Stack size unknown bytes, libinit2.o(.ARM.Collect$$libinit$$00000017))

<P><STRONG><a name="[266]"></a>__rt_lib_init_lc_time_1</STRONG> (Thumb, 0 bytes, Stack size unknown bytes, libinit2.o(.ARM.Collect$$libinit$$00000019))

<P><STRONG><a name="[267]"></a>__rt_lib_init_preinit_1</STRONG> (Thumb, 0 bytes, Stack size unknown bytes, libinit2.o(.ARM.Collect$$libinit$$00000004))

<P><STRONG><a name="[268]"></a>__rt_lib_init_rand_1</STRONG> (Thumb, 0 bytes, Stack size unknown bytes, libinit2.o(.ARM.Collect$$libinit$$0000000E))

<P><STRONG><a name="[269]"></a>__rt_lib_init_return</STRONG> (Thumb, 0 bytes, Stack size unknown bytes, libinit2.o(.ARM.Collect$$libinit$$00000033))

<P><STRONG><a name="[26a]"></a>__rt_lib_init_signal_1</STRONG> (Thumb, 0 bytes, Stack size unknown bytes, libinit2.o(.ARM.Collect$$libinit$$0000001D))

<P><STRONG><a name="[26b]"></a>__rt_lib_init_stdio_1</STRONG> (Thumb, 0 bytes, Stack size unknown bytes, libinit2.o(.ARM.Collect$$libinit$$00000025))

<P><STRONG><a name="[26c]"></a>__rt_lib_init_user_alloc_1</STRONG> (Thumb, 0 bytes, Stack size unknown bytes, libinit2.o(.ARM.Collect$$libinit$$0000000C))

<P><STRONG><a name="[90]"></a>__rt_lib_shutdown</STRONG> (Thumb, 0 bytes, Stack size unknown bytes, libshutdown.o(.ARM.Collect$$libshutdown$$00000000))
<BR><BR>[Called By]<UL><LI><a href="#[8f]">&gt;&gt;</a>&nbsp;&nbsp;&nbsp;__rt_exit_ls
</UL>

<P><STRONG><a name="[26d]"></a>__rt_lib_shutdown_cpp_1</STRONG> (Thumb, 0 bytes, Stack size unknown bytes, libshutdown2.o(.ARM.Collect$$libshutdown$$00000004))

<P><STRONG><a name="[26e]"></a>__rt_lib_shutdown_fini_1</STRONG> (Thumb, 0 bytes, Stack size unknown bytes, libshutdown2.o(.ARM.Collect$$libshutdown$$00000002))

<P><STRONG><a name="[26f]"></a>__rt_lib_shutdown_fp_trap_1</STRONG> (Thumb, 0 bytes, Stack size unknown bytes, libshutdown2.o(.ARM.Collect$$libshutdown$$00000009))

<P><STRONG><a name="[270]"></a>__rt_lib_shutdown_heap_1</STRONG> (Thumb, 0 bytes, Stack size unknown bytes, libshutdown2.o(.ARM.Collect$$libshutdown$$00000011))

<P><STRONG><a name="[271]"></a>__rt_lib_shutdown_return</STRONG> (Thumb, 0 bytes, Stack size unknown bytes, libshutdown2.o(.ARM.Collect$$libshutdown$$00000012))

<P><STRONG><a name="[272]"></a>__rt_lib_shutdown_signal_1</STRONG> (Thumb, 0 bytes, Stack size unknown bytes, libshutdown2.o(.ARM.Collect$$libshutdown$$0000000C))

<P><STRONG><a name="[273]"></a>__rt_lib_shutdown_stdio_1</STRONG> (Thumb, 0 bytes, Stack size unknown bytes, libshutdown2.o(.ARM.Collect$$libshutdown$$00000006))

<P><STRONG><a name="[274]"></a>__rt_lib_shutdown_user_alloc_1</STRONG> (Thumb, 0 bytes, Stack size unknown bytes, libshutdown2.o(.ARM.Collect$$libshutdown$$0000000E))

<P><STRONG><a name="[85]"></a>__rt_entry</STRONG> (Thumb, 0 bytes, Stack size unknown bytes, __rtentry.o(.ARM.Collect$$rtentry$$00000000))
<BR><BR>[Called By]<UL><LI><a href="#[86]">&gt;&gt;</a>&nbsp;&nbsp;&nbsp;__scatterload_rt2
<LI><a href="#[83]">&gt;&gt;</a>&nbsp;&nbsp;&nbsp;__main
</UL>

<P><STRONG><a name="[275]"></a>__rt_entry_presh_1</STRONG> (Thumb, 0 bytes, Stack size unknown bytes, __rtentry2.o(.ARM.Collect$$rtentry$$00000002))

<P><STRONG><a name="[276]"></a>__rt_entry_sh</STRONG> (Thumb, 0 bytes, Stack size unknown bytes, __rtentry7.o(.ARM.Collect$$rtentry$$00000007))

<P><STRONG><a name="[8a]"></a>__rt_entry_li</STRONG> (Thumb, 0 bytes, Stack size unknown bytes, __rtentry2.o(.ARM.Collect$$rtentry$$0000000A))
<BR><BR>[Calls]<UL><LI><a href="#[8b]">&gt;&gt;</a>&nbsp;&nbsp;&nbsp;__rt_lib_init
</UL>

<P><STRONG><a name="[277]"></a>__rt_entry_postsh_1</STRONG> (Thumb, 0 bytes, Stack size unknown bytes, __rtentry2.o(.ARM.Collect$$rtentry$$00000009))

<P><STRONG><a name="[8c]"></a>__rt_entry_main</STRONG> (Thumb, 0 bytes, Stack size unknown bytes, __rtentry2.o(.ARM.Collect$$rtentry$$0000000D))
<BR><BR>[Stack]<UL><LI>Max Depth = 384 + Unknown Stack Size
<LI>Call Chain = __rt_entry_main &rArr; main &rArr; System_Task_Init &rArr; printLog &rArr; SEGGER_RTT_printf &rArr; SEGGER_RTT_vprintf &rArr; _PrintInt &rArr; _PrintUnsigned &rArr; _StoreChar &rArr; SEGGER_RTT_Write &rArr; SEGGER_RTT_WriteNoLock &rArr; _WriteBlocking &rArr; __aeabi_memcpy
</UL>
<BR>[Calls]<UL><LI><a href="#[8d]">&gt;&gt;</a>&nbsp;&nbsp;&nbsp;main
<LI><a href="#[8e]">&gt;&gt;</a>&nbsp;&nbsp;&nbsp;exit
</UL>

<P><STRONG><a name="[278]"></a>__rt_entry_postli_1</STRONG> (Thumb, 0 bytes, Stack size unknown bytes, __rtentry2.o(.ARM.Collect$$rtentry$$0000000C))

<P><STRONG><a name="[9e]"></a>__rt_exit</STRONG> (Thumb, 0 bytes, Stack size unknown bytes, rtexit.o(.ARM.Collect$$rtexit$$00000000))
<BR><BR>[Called By]<UL><LI><a href="#[8e]">&gt;&gt;</a>&nbsp;&nbsp;&nbsp;exit
</UL>

<P><STRONG><a name="[8f]"></a>__rt_exit_ls</STRONG> (Thumb, 0 bytes, Stack size unknown bytes, rtexit2.o(.ARM.Collect$$rtexit$$00000003))
<BR><BR>[Calls]<UL><LI><a href="#[90]">&gt;&gt;</a>&nbsp;&nbsp;&nbsp;__rt_lib_shutdown
</UL>

<P><STRONG><a name="[279]"></a>__rt_exit_prels_1</STRONG> (Thumb, 0 bytes, Stack size unknown bytes, rtexit2.o(.ARM.Collect$$rtexit$$00000002))

<P><STRONG><a name="[91]"></a>__rt_exit_exit</STRONG> (Thumb, 0 bytes, Stack size unknown bytes, rtexit2.o(.ARM.Collect$$rtexit$$00000004))
<BR><BR>[Calls]<UL><LI><a href="#[92]">&gt;&gt;</a>&nbsp;&nbsp;&nbsp;_sys_exit
</UL>

<P><STRONG><a name="[24c]"></a>__asm___6_port_c_39a90d8d__prvPortStartFirstTask</STRONG> (Thumb, 36 bytes, Stack size 0 bytes, port.o(.emb_text))
<BR><BR>[Called By]<UL><LI><a href="#[24a]">&gt;&gt;</a>&nbsp;&nbsp;&nbsp;xPortStartScheduler
</UL>

<P><STRONG><a name="[192]"></a>ulSetInterruptMaskFromISR</STRONG> (Thumb, 8 bytes, Stack size 0 bytes, port.o(.emb_text))
<BR><BR>[Called By]<UL><LI><a href="#[252]">&gt;&gt;</a>&nbsp;&nbsp;&nbsp;xQueueGenericSendFromISR
<LI><a href="#[b]">&gt;&gt;</a>&nbsp;&nbsp;&nbsp;SysTick_IRQHandler
</UL>

<P><STRONG><a name="[194]"></a>vClearInterruptMaskFromISR</STRONG> (Thumb, 6 bytes, Stack size 0 bytes, port.o(.emb_text))
<BR><BR>[Called By]<UL><LI><a href="#[252]">&gt;&gt;</a>&nbsp;&nbsp;&nbsp;xQueueGenericSendFromISR
<LI><a href="#[b]">&gt;&gt;</a>&nbsp;&nbsp;&nbsp;SysTick_IRQHandler
</UL>

<P><STRONG><a name="[a]"></a>PendSV_IRQHandler</STRONG> (Thumb, 62 bytes, Stack size 0 bytes, port.o(.emb_text))
<BR><BR>[Stack]<UL><LI>Max Depth = 8<LI>Call Chain = PendSV_IRQHandler &rArr; vTaskSwitchContext
</UL>
<BR>[Calls]<UL><LI><a href="#[93]">&gt;&gt;</a>&nbsp;&nbsp;&nbsp;vTaskSwitchContext
</UL>
<BR>[Address Reference Count : 1]<UL><LI> system_bluenrg_lp.o(.intvec)
</UL>
<P><STRONG><a name="[95]"></a>__aeabi_memcpy4</STRONG> (Thumb, 56 bytes, Stack size 0 bytes, rt_memcpy.o(.emb_text))
<BR><BR>[Called By]<UL><LI><a href="#[ed]">&gt;&gt;</a>&nbsp;&nbsp;&nbsp;GAT_att_srv_resp
<LI><a href="#[e8]">&gt;&gt;</a>&nbsp;&nbsp;&nbsp;GAT_srv_is_supported_grouping_type
<LI><a href="#[de]">&gt;&gt;</a>&nbsp;&nbsp;&nbsp;GAT_srv_check_change_aware
<LI><a href="#[96]">&gt;&gt;</a>&nbsp;&nbsp;&nbsp;__aeabi_memmove4
<LI><a href="#[94]">&gt;&gt;</a>&nbsp;&nbsp;&nbsp;__aeabi_memcpy
</UL>

<P><STRONG><a name="[27a]"></a>__aeabi_memcpy8</STRONG> (Thumb, 0 bytes, Stack size 0 bytes, rt_memcpy.o(.emb_text), UNUSED)

<P><STRONG><a name="[1a3]"></a>__aeabi_llsl</STRONG> (Thumb, 32 bytes, Stack size 8 bytes, llshl.o(.text))
<BR><BR>[Stack]<UL><LI>Max Depth = 8<LI>Call Chain = __aeabi_llsl
</UL>
<BR>[Called By]<UL><LI><a href="#[1a2]">&gt;&gt;</a>&nbsp;&nbsp;&nbsp;Timer_StartFirstActive_sysT
</UL>

<P><STRONG><a name="[27b]"></a>_ll_shift_l</STRONG> (Thumb, 0 bytes, Stack size 8 bytes, llshl.o(.text), UNUSED)

<P><STRONG><a name="[128]"></a>__aeabi_lmul</STRONG> (Thumb, 48 bytes, Stack size 12 bytes, llmul.o(.text))
<BR><BR>[Stack]<UL><LI>Max Depth = 12<LI>Call Chain = __aeabi_lmul
</UL>
<BR>[Called By]<UL><LI><a href="#[127]">&gt;&gt;</a>&nbsp;&nbsp;&nbsp;HAL_VTIMER_DiffSysTimeMs
</UL>

<P><STRONG><a name="[27c]"></a>_ll_mul</STRONG> (Thumb, 0 bytes, Stack size 12 bytes, llmul.o(.text), UNUSED)

<P><STRONG><a name="[130]"></a>__aeabi_uldivmod</STRONG> (Thumb, 258 bytes, Stack size 32 bytes, lludiv.o(.text))
<BR><BR>[Stack]<UL><LI>Max Depth = 32<LI>Call Chain = __aeabi_uldivmod
</UL>
<BR>[Called By]<UL><LI><a href="#[12f]">&gt;&gt;</a>&nbsp;&nbsp;&nbsp;HAL_VTIMER_StartTimerMs
</UL>

<P><STRONG><a name="[27d]"></a>_ll_udiv</STRONG> (Thumb, 0 bytes, Stack size 32 bytes, lludiv.o(.text), UNUSED)

<P><STRONG><a name="[168]"></a>memcmp</STRONG> (Thumb, 90 bytes, Stack size 8 bytes, memcmp.o(.text))
<BR><BR>[Stack]<UL><LI>Max Depth = 8<LI>Call Chain = memcmp
</UL>
<BR>[Called By]<UL><LI><a href="#[15e]">&gt;&gt;</a>&nbsp;&nbsp;&nbsp;Osal_MemCmp
</UL>

<P><STRONG><a name="[94]"></a>__aeabi_memcpy</STRONG> (Thumb, 130 bytes, Stack size 24 bytes, rt_memcpy.o(.text))
<BR><BR>[Stack]<UL><LI>Max Depth = 24<LI>Call Chain = __aeabi_memcpy
</UL>
<BR>[Calls]<UL><LI><a href="#[95]">&gt;&gt;</a>&nbsp;&nbsp;&nbsp;__aeabi_memcpy4
</UL>
<BR>[Called By]<UL><LI><a href="#[188]">&gt;&gt;</a>&nbsp;&nbsp;&nbsp;_WriteNoCheck
<LI><a href="#[189]">&gt;&gt;</a>&nbsp;&nbsp;&nbsp;_WriteBlocking
<LI><a href="#[228]">&gt;&gt;</a>&nbsp;&nbsp;&nbsp;prvCopyDataToQueue
<LI><a href="#[227]">&gt;&gt;</a>&nbsp;&nbsp;&nbsp;prvCopyDataFromQueue
<LI><a href="#[97]">&gt;&gt;</a>&nbsp;&nbsp;&nbsp;__aeabi_memmove
</UL>

<P><STRONG><a name="[27e]"></a>__rt_memcpy</STRONG> (Thumb, 0 bytes, Stack size 24 bytes, rt_memcpy.o(.text), UNUSED)

<P><STRONG><a name="[96]"></a>__aeabi_memmove4</STRONG> (Thumb, 70 bytes, Stack size 16 bytes, rt_memmove.o(.text))
<BR><BR>[Stack]<UL><LI>Max Depth = 16<LI>Call Chain = __aeabi_memmove4
</UL>
<BR>[Calls]<UL><LI><a href="#[95]">&gt;&gt;</a>&nbsp;&nbsp;&nbsp;__aeabi_memcpy4
</UL>
<BR>[Called By]<UL><LI><a href="#[149]">&gt;&gt;</a>&nbsp;&nbsp;&nbsp;Mem_Buff_block_copy
<LI><a href="#[97]">&gt;&gt;</a>&nbsp;&nbsp;&nbsp;__aeabi_memmove
</UL>

<P><STRONG><a name="[27f]"></a>__aeabi_memmove8</STRONG> (Thumb, 0 bytes, Stack size 16 bytes, rt_memmove.o(.text), UNUSED)

<P><STRONG><a name="[97]"></a>__aeabi_memmove</STRONG> (Thumb, 80 bytes, Stack size 24 bytes, rt_memmove.o(.text), UNUSED)
<BR><BR>[Calls]<UL><LI><a href="#[96]">&gt;&gt;</a>&nbsp;&nbsp;&nbsp;__aeabi_memmove4
<LI><a href="#[94]">&gt;&gt;</a>&nbsp;&nbsp;&nbsp;__aeabi_memcpy
</UL>

<P><STRONG><a name="[280]"></a>__rt_memmove</STRONG> (Thumb, 0 bytes, Stack size 24 bytes, rt_memmove.o(.text), UNUSED)

<P><STRONG><a name="[98]"></a>__aeabi_memset</STRONG> (Thumb, 18 bytes, Stack size 8 bytes, aeabi_memset.o(.text))
<BR><BR>[Stack]<UL><LI>Max Depth = 8<LI>Call Chain = __aeabi_memset
</UL>
<BR>[Calls]<UL><LI><a href="#[99]">&gt;&gt;</a>&nbsp;&nbsp;&nbsp;_memset
</UL>
<BR>[Called By]<UL><LI><a href="#[169]">&gt;&gt;</a>&nbsp;&nbsp;&nbsp;Osal_MemSet
<LI><a href="#[230]">&gt;&gt;</a>&nbsp;&nbsp;&nbsp;prvInitialiseNewTask
</UL>

<P><STRONG><a name="[9a]"></a>_memset_w</STRONG> (Thumb, 26 bytes, Stack size 0 bytes, rt_memclr.o(.text))
<BR><BR>[Called By]<UL><LI><a href="#[9c]">&gt;&gt;</a>&nbsp;&nbsp;&nbsp;__rt_memclr_w
<LI><a href="#[99]">&gt;&gt;</a>&nbsp;&nbsp;&nbsp;_memset
</UL>

<P><STRONG><a name="[99]"></a>_memset</STRONG> (Thumb, 30 bytes, Stack size 0 bytes, rt_memclr.o(.text))
<BR><BR>[Calls]<UL><LI><a href="#[9a]">&gt;&gt;</a>&nbsp;&nbsp;&nbsp;_memset_w
</UL>
<BR>[Called By]<UL><LI><a href="#[9b]">&gt;&gt;</a>&nbsp;&nbsp;&nbsp;__aeabi_memclr
<LI><a href="#[98]">&gt;&gt;</a>&nbsp;&nbsp;&nbsp;__aeabi_memset
</UL>

<P><STRONG><a name="[9b]"></a>__aeabi_memclr</STRONG> (Thumb, 4 bytes, Stack size 0 bytes, rt_memclr.o(.text), UNUSED)
<BR><BR>[Calls]<UL><LI><a href="#[99]">&gt;&gt;</a>&nbsp;&nbsp;&nbsp;_memset
</UL>

<P><STRONG><a name="[281]"></a>__rt_memclr</STRONG> (Thumb, 0 bytes, Stack size 0 bytes, rt_memclr.o(.text), UNUSED)

<P><STRONG><a name="[173]"></a>__aeabi_memclr4</STRONG> (Thumb, 0 bytes, Stack size 0 bytes, rt_memclr.o(.text))
<BR><BR>[Called By]<UL><LI><a href="#[118]">&gt;&gt;</a>&nbsp;&nbsp;&nbsp;PowerSave_Setup
<LI><a href="#[184]">&gt;&gt;</a>&nbsp;&nbsp;&nbsp;_DoInit
</UL>

<P><STRONG><a name="[282]"></a>__aeabi_memclr8</STRONG> (Thumb, 0 bytes, Stack size 0 bytes, rt_memclr.o(.text), UNUSED)

<P><STRONG><a name="[9c]"></a>__rt_memclr_w</STRONG> (Thumb, 4 bytes, Stack size 0 bytes, rt_memclr.o(.text), UNUSED)
<BR><BR>[Calls]<UL><LI><a href="#[9a]">&gt;&gt;</a>&nbsp;&nbsp;&nbsp;_memset_w
</UL>

<P><STRONG><a name="[283]"></a>__aeabi_uidiv</STRONG> (Thumb, 0 bytes, Stack size 0 bytes, aeabi_sdivfast.o(.text), UNUSED)

<P><STRONG><a name="[10d]"></a>__aeabi_uidivmod</STRONG> (Thumb, 28 bytes, Stack size 0 bytes, aeabi_sdivfast.o(.text))
<BR><BR>[Called By]<UL><LI><a href="#[17d]">&gt;&gt;</a>&nbsp;&nbsp;&nbsp;SystemTimer_TimeoutConfig
<LI><a href="#[10b]">&gt;&gt;</a>&nbsp;&nbsp;&nbsp;HAL_InitTick
<LI><a href="#[22e]">&gt;&gt;</a>&nbsp;&nbsp;&nbsp;vPortSuppressTicksAndSleep
<LI><a href="#[18e]">&gt;&gt;</a>&nbsp;&nbsp;&nbsp;_PrintUnsigned
<LI><a href="#[143]">&gt;&gt;</a>&nbsp;&nbsp;&nbsp;LL_channel_selection_algorithm_2
</UL>

<P><STRONG><a name="[284]"></a>__aeabi_idiv</STRONG> (Thumb, 0 bytes, Stack size 8 bytes, aeabi_sdivfast.o(.text), UNUSED)

<P><STRONG><a name="[1a4]"></a>__aeabi_idivmod</STRONG> (Thumb, 460 bytes, Stack size 8 bytes, aeabi_sdivfast.o(.text))
<BR><BR>[Stack]<UL><LI>Max Depth = 8<LI>Call Chain = __aeabi_idivmod
</UL>
<BR>[Called By]<UL><LI><a href="#[18d]">&gt;&gt;</a>&nbsp;&nbsp;&nbsp;_PrintInt
</UL>

<P><STRONG><a name="[8e]"></a>exit</STRONG> (Thumb, 16 bytes, Stack size 8 bytes, exit.o(.text))
<BR><BR>[Stack]<UL><LI>Max Depth = 8 + Unknown Stack Size
<LI>Call Chain = exit
</UL>
<BR>[Calls]<UL><LI><a href="#[9e]">&gt;&gt;</a>&nbsp;&nbsp;&nbsp;__rt_exit
<LI><a href="#[9d]">&gt;&gt;</a>&nbsp;&nbsp;&nbsp;_call_atexit_fns (Weak Reference)
</UL>
<BR>[Called By]<UL><LI><a href="#[8c]">&gt;&gt;</a>&nbsp;&nbsp;&nbsp;__rt_entry_main
</UL>

<P><STRONG><a name="[92]"></a>_sys_exit</STRONG> (Thumb, 8 bytes, Stack size 0 bytes, sys_exit.o(.text))
<BR><BR>[Called By]<UL><LI><a href="#[91]">&gt;&gt;</a>&nbsp;&nbsp;&nbsp;__rt_exit_exit
</UL>

<P><STRONG><a name="[285]"></a>__I$use$semihosting</STRONG> (Thumb, 0 bytes, Stack size 0 bytes, use_no_semi.o(.text), UNUSED)

<P><STRONG><a name="[286]"></a>__use_no_semihosting_swi</STRONG> (Thumb, 2 bytes, Stack size 0 bytes, use_no_semi.o(.text), UNUSED)

<P><STRONG><a name="[287]"></a>__decompress</STRONG> (Thumb, 0 bytes, Stack size unknown bytes, __dczerorl.o(.text), UNUSED)

<P><STRONG><a name="[288]"></a>__decompress0</STRONG> (Thumb, 58 bytes, Stack size unknown bytes, __dczerorl.o(.text), UNUSED)

<P><STRONG><a name="[289]"></a>__semihosting_library_function</STRONG> (Thumb, 0 bytes, Stack size unknown bytes, indicate_semi.o(.text), UNUSED)

<P><STRONG><a name="[c6]"></a>ACL_list_insert_tail</STRONG> (Thumb, 14 bytes, Stack size unknown bytes, acl_list.o(i.ACL_list_insert_tail))
<BR><BR>[Called By]<UL><LI><a href="#[a0]">&gt;&gt;</a>&nbsp;&nbsp;&nbsp;LL_Send_ACL_Data
<LI><a href="#[f1]">&gt;&gt;</a>&nbsp;&nbsp;&nbsp;GAT_att_srv_run
<LI><a href="#[c3]">&gt;&gt;</a>&nbsp;&nbsp;&nbsp;GAT_att_cmn_send
</UL>

<P><STRONG><a name="[ee]"></a>ACL_list_remove</STRONG> (Thumb, 44 bytes, Stack size unknown bytes, acl_list.o(i.ACL_list_remove))
<BR><BR>[Called By]<UL><LI><a href="#[ed]">&gt;&gt;</a>&nbsp;&nbsp;&nbsp;GAT_att_srv_resp
</UL>

<P><STRONG><a name="[18]"></a>ADC_IRQHandler</STRONG> (Thumb, 2 bytes, Stack size 0 bytes, system_bluenrg_lp.o(i.ADC_IRQHandler))
<BR>[Address Reference Count : 1]<UL><LI> system_bluenrg_lp.o(.intvec)
</UL>
<P><STRONG><a name="[a2]"></a>AESMGR_Encrypt</STRONG> (Thumb, 112 bytes, Stack size 24 bytes, aes_manager_bluenrg_lp.o(i.AESMGR_Encrypt))
<BR><BR>[Stack]<UL><LI>Max Depth = 24<LI>Call Chain = AESMGR_Encrypt
</UL>
<BR>[Called By]<UL><LI><a href="#[a1]">&gt;&gt;</a>&nbsp;&nbsp;&nbsp;BLEPLAT_aes128_encrypt
</UL>

<P><STRONG><a name="[9f]"></a>Acl_Transmit_Data</STRONG> (Thumb, 32 bytes, Stack size unknown bytes, acl.o(i.Acl_Transmit_Data))
<BR><BR>[Stack]<UL><LI>Max Depth = 176 + Unknown Stack Size
<LI>Call Chain = Acl_Transmit_Data &rArr; LL_Send_ACL_Data &rArr; LL_conn_slave_latency_cancelation &rArr; LL_sched_engine &rArr; HAL_VTIMER_SetRadioTimerValue &rArr; _virtualTimeBaseEnable &rArr; HAL_VTIMER_StopTimer &rArr; _update_user_timeout &rArr; _check_radio_activity &rArr; TIMER_SetRadioTimerValue &rArr; get_system_time_and_machine
</UL>
<BR>[Calls]<UL><LI><a href="#[a0]">&gt;&gt;</a>&nbsp;&nbsp;&nbsp;LL_Send_ACL_Data
</UL>
<BR>[Called By]<UL><LI><a href="#[c5]">&gt;&gt;</a>&nbsp;&nbsp;&nbsp;L2C_send_frame
</UL>

<P><STRONG><a name="[112]"></a>App_PowerSaveLevel_Check</STRONG> (Thumb, 4 bytes, Stack size 0 bytes, rf_driver_hal_power_manager.o(i.App_PowerSaveLevel_Check))
<BR><BR>[Called By]<UL><LI><a href="#[111]">&gt;&gt;</a>&nbsp;&nbsp;&nbsp;HAL_PWR_MNGR_Request
</UL>

<P><STRONG><a name="[156]"></a>BLECNTR_ClearSemareq</STRONG> (Thumb, 16 bytes, Stack size 0 bytes, ble_controller_bluenrg_lp.o(i.BLECNTR_ClearSemareq))
<BR><BR>[Called By]<UL><LI><a href="#[b3]">&gt;&gt;</a>&nbsp;&nbsp;&nbsp;LL_sched_engine
</UL>

<P><STRONG><a name="[15a]"></a>BLECNTR_GlobDisableBlue</STRONG> (Thumb, 12 bytes, Stack size 0 bytes, ble_controller_bluenrg_lp.o(i.BLECNTR_GlobDisableBlue))
<BR><BR>[Called By]<UL><LI><a href="#[b3]">&gt;&gt;</a>&nbsp;&nbsp;&nbsp;LL_sched_engine
</UL>

<P><STRONG><a name="[158]"></a>BLECNTR_GlobEnableBlue</STRONG> (Thumb, 12 bytes, Stack size 0 bytes, ble_controller_bluenrg_lp.o(i.BLECNTR_GlobEnableBlue))
<BR><BR>[Called By]<UL><LI><a href="#[b3]">&gt;&gt;</a>&nbsp;&nbsp;&nbsp;LL_sched_engine
</UL>

<P><STRONG><a name="[157]"></a>BLECNTR_GlobWriteSlot</STRONG> (Thumb, 18 bytes, Stack size 0 bytes, ble_controller_bluenrg_lp.o(i.BLECNTR_GlobWriteSlot))
<BR><BR>[Called By]<UL><LI><a href="#[b3]">&gt;&gt;</a>&nbsp;&nbsp;&nbsp;LL_sched_engine
</UL>

<P><STRONG><a name="[b0]"></a>BLECNTR_IntGetIntStatusAnyHwError</STRONG> (Thumb, 6 bytes, Stack size 0 bytes, ble_controller_bluenrg_lp.o(i.BLECNTR_IntGetIntStatusAnyHwError))
<BR><BR>[Called By]<UL><LI><a href="#[a4]">&gt;&gt;</a>&nbsp;&nbsp;&nbsp;BLE_STACK_RadioHandler
</UL>

<P><STRONG><a name="[ae]"></a>BLECNTR_IntGetIntStatusBitAct2Error</STRONG> (Thumb, 8 bytes, Stack size 0 bytes, ble_controller_bluenrg_lp.o(i.BLECNTR_IntGetIntStatusBitAct2Error))
<BR><BR>[Called By]<UL><LI><a href="#[a4]">&gt;&gt;</a>&nbsp;&nbsp;&nbsp;BLE_STACK_RadioHandler
</UL>

<P><STRONG><a name="[af]"></a>BLECNTR_IntGetIntStatusBitTimerOverrun</STRONG> (Thumb, 4 bytes, Stack size 0 bytes, ble_controller_bluenrg_lp.o(i.BLECNTR_IntGetIntStatusBitTimerOverrun))
<BR><BR>[Called By]<UL><LI><a href="#[a4]">&gt;&gt;</a>&nbsp;&nbsp;&nbsp;BLE_STACK_RadioHandler
</UL>

<P><STRONG><a name="[a5]"></a>BLECNTR_IntGetIntStatusDone</STRONG> (Thumb, 8 bytes, Stack size 0 bytes, ble_controller_bluenrg_lp.o(i.BLECNTR_IntGetIntStatusDone))
<BR><BR>[Called By]<UL><LI><a href="#[a4]">&gt;&gt;</a>&nbsp;&nbsp;&nbsp;BLE_STACK_RadioHandler
</UL>

<P><STRONG><a name="[ad]"></a>BLECNTR_IntGetIntStatusNoactiveError</STRONG> (Thumb, 8 bytes, Stack size 0 bytes, ble_controller_bluenrg_lp.o(i.BLECNTR_IntGetIntStatusNoactiveError))
<BR><BR>[Called By]<UL><LI><a href="#[a4]">&gt;&gt;</a>&nbsp;&nbsp;&nbsp;BLE_STACK_RadioHandler
</UL>

<P><STRONG><a name="[13d]"></a>BLECNTR_PacketGetDataPtr</STRONG> (Thumb, 4 bytes, Stack size 0 bytes, ble_controller_bluenrg_lp.o(i.BLECNTR_PacketGetDataPtr))
<BR><BR>[Called By]<UL><LI><a href="#[a0]">&gt;&gt;</a>&nbsp;&nbsp;&nbsp;LL_Send_ACL_Data
</UL>

<P><STRONG><a name="[140]"></a>BLECNTR_PacketSetDataPtr</STRONG> (Thumb, 6 bytes, Stack size 0 bytes, ble_controller_bluenrg_lp.o(i.BLECNTR_PacketSetDataPtr))
<BR><BR>[Called By]<UL><LI><a href="#[a0]">&gt;&gt;</a>&nbsp;&nbsp;&nbsp;LL_Send_ACL_Data
</UL>

<P><STRONG><a name="[14d]"></a>BLECNTR_SmGetAccessAddr</STRONG> (Thumb, 12 bytes, Stack size 0 bytes, ble_controller_bluenrg_lp.o(i.BLECNTR_SmGetAccessAddr))
<BR><BR>[Called By]<UL><LI><a href="#[13c]">&gt;&gt;</a>&nbsp;&nbsp;&nbsp;LL_conn_slave_latency_cancelation
</UL>

<P><STRONG><a name="[147]"></a>BLECNTR_SmGetChannelMap</STRONG> (Thumb, 40 bytes, Stack size 0 bytes, ble_controller_bluenrg_lp.o(i.BLECNTR_SmGetChannelMap))
<BR><BR>[Called By]<UL><LI><a href="#[143]">&gt;&gt;</a>&nbsp;&nbsp;&nbsp;LL_channel_selection_algorithm_2
</UL>

<P><STRONG><a name="[14c]"></a>BLECNTR_SmGetHopIncr</STRONG> (Thumb, 16 bytes, Stack size 0 bytes, ble_controller_bluenrg_lp.o(i.BLECNTR_SmGetHopIncr))
<BR><BR>[Called By]<UL><LI><a href="#[13c]">&gt;&gt;</a>&nbsp;&nbsp;&nbsp;LL_conn_slave_latency_cancelation
</UL>

<P><STRONG><a name="[14e]"></a>BLECNTR_SmSetUnmappedChan</STRONG> (Thumb, 24 bytes, Stack size 0 bytes, ble_controller_bluenrg_lp.o(i.BLECNTR_SmSetUnmappedChan))
<BR><BR>[Called By]<UL><LI><a href="#[13c]">&gt;&gt;</a>&nbsp;&nbsp;&nbsp;LL_conn_slave_latency_cancelation
</UL>

<P><STRONG><a name="[a1]"></a>BLEPLAT_aes128_encrypt</STRONG> (Thumb, 8 bytes, Stack size unknown bytes, bluenrgx_aes.o(i.BLEPLAT_aes128_encrypt))
<BR><BR>[Stack]<UL><LI>Max Depth = 24 + Unknown Stack Size
<LI>Call Chain = BLEPLAT_aes128_encrypt &rArr; AESMGR_Encrypt
</UL>
<BR>[Calls]<UL><LI><a href="#[a2]">&gt;&gt;</a>&nbsp;&nbsp;&nbsp;AESMGR_Encrypt
</UL>
<BR>[Called By]<UL><LI><a href="#[1fc]">&gt;&gt;</a>&nbsp;&nbsp;&nbsp;hci_le_encrypt
</UL>

<P><STRONG><a name="[1f]"></a>BLE_AES_IRQHandler</STRONG> (Thumb, 2 bytes, Stack size 0 bytes, system_bluenrg_lp.o(i.BLE_AES_IRQHandler))
<BR>[Address Reference Count : 1]<UL><LI> system_bluenrg_lp.o(.intvec)
</UL>
<P><STRONG><a name="[20]"></a>BLE_ERROR_IRQHandler</STRONG> (Thumb, 4 bytes, Stack size 0 bytes, ble_event.o(i.BLE_ERROR_IRQHandler))
<BR><BR>[Calls]<UL><LI><a href="#[a3]">&gt;&gt;</a>&nbsp;&nbsp;&nbsp;__NVIC_SystemReset
</UL>
<BR>[Address Reference Count : 1]<UL><LI> system_bluenrg_lp.o(.intvec)
</UL>
<P><STRONG><a name="[25]"></a>BLE_RXTX_SEQ_IRQHandler</STRONG> (Thumb, 2 bytes, Stack size 0 bytes, system_bluenrg_lp.o(i.BLE_RXTX_SEQ_IRQHandler))
<BR>[Address Reference Count : 1]<UL><LI> system_bluenrg_lp.o(.intvec)
</UL>
<P><STRONG><a name="[a4]"></a>BLE_STACK_RadioHandler</STRONG> (Thumb, 200 bytes, Stack size unknown bytes, ll_isr.o(i.BLE_STACK_RadioHandler))
<BR><BR>[Stack]<UL><LI>Max Depth = 176 + Unknown Stack Size
<LI>Call Chain = BLE_STACK_RadioHandler &rArr; LL_sched_engine &rArr; HAL_VTIMER_SetRadioTimerValue &rArr; _virtualTimeBaseEnable &rArr; HAL_VTIMER_StopTimer &rArr; _update_user_timeout &rArr; _check_radio_activity &rArr; TIMER_SetRadioTimerValue &rArr; get_system_time_and_machine
</UL>
<BR>[Calls]<UL><LI><a href="#[a7]">&gt;&gt;</a>&nbsp;&nbsp;&nbsp;TIMER_GetAnchorPoint
<LI><a href="#[a6]">&gt;&gt;</a>&nbsp;&nbsp;&nbsp;HAL_VTIMER_GetCurrentSysTime
<LI><a href="#[b1]">&gt;&gt;</a>&nbsp;&nbsp;&nbsp;HAL_VTIMER_ClearRadioTimerValue
<LI><a href="#[ad]">&gt;&gt;</a>&nbsp;&nbsp;&nbsp;BLECNTR_IntGetIntStatusNoactiveError
<LI><a href="#[a5]">&gt;&gt;</a>&nbsp;&nbsp;&nbsp;BLECNTR_IntGetIntStatusDone
<LI><a href="#[af]">&gt;&gt;</a>&nbsp;&nbsp;&nbsp;BLECNTR_IntGetIntStatusBitTimerOverrun
<LI><a href="#[ae]">&gt;&gt;</a>&nbsp;&nbsp;&nbsp;BLECNTR_IntGetIntStatusBitAct2Error
<LI><a href="#[b0]">&gt;&gt;</a>&nbsp;&nbsp;&nbsp;BLECNTR_IntGetIntStatusAnyHwError
<LI><a href="#[b2]">&gt;&gt;</a>&nbsp;&nbsp;&nbsp;tsk_notify_idx
<LI><a href="#[b3]">&gt;&gt;</a>&nbsp;&nbsp;&nbsp;LL_sched_engine
<LI><a href="#[aa]">&gt;&gt;</a>&nbsp;&nbsp;&nbsp;LL_sched_get_per_state
<LI><a href="#[ac]">&gt;&gt;</a>&nbsp;&nbsp;&nbsp;LL_sched_get_done_cb
<LI><a href="#[a9]">&gt;&gt;</a>&nbsp;&nbsp;&nbsp;LL_sched_get_current_taskslot_no
<LI><a href="#[ab]">&gt;&gt;</a>&nbsp;&nbsp;&nbsp;LL_sched_get_cntxt_task
<LI><a href="#[a8]">&gt;&gt;</a>&nbsp;&nbsp;&nbsp;LL_sched_time_t1_ge_t2
</UL>
<BR>[Called By]<UL><LI><a href="#[1e]">&gt;&gt;</a>&nbsp;&nbsp;&nbsp;BLE_TX_RX_IRQHandler
</UL>

<P><STRONG><a name="[b4]"></a>BLE_STACK_SleepCheck</STRONG> (Thumb, 28 bytes, Stack size unknown bytes, bluenrg_main_func.o(i.BLE_STACK_SleepCheck))
<BR><BR>[Calls]<UL><LI><a href="#[b5]">&gt;&gt;</a>&nbsp;&nbsp;&nbsp;tsk_no_idle_check
</UL>
<BR>[Called By]<UL><LI><a href="#[111]">&gt;&gt;</a>&nbsp;&nbsp;&nbsp;HAL_PWR_MNGR_Request
</UL>

<P><STRONG><a name="[1e]"></a>BLE_TX_RX_IRQHandler</STRONG> (Thumb, 26 bytes, Stack size 8 bytes, ble_event.o(i.BLE_TX_RX_IRQHandler))
<BR><BR>[Stack]<UL><LI>Max Depth = 184 + Unknown Stack Size
<LI>Call Chain = BLE_TX_RX_IRQHandler &rArr; BLE_STACK_RadioHandler &rArr; LL_sched_engine &rArr; HAL_VTIMER_SetRadioTimerValue &rArr; _virtualTimeBaseEnable &rArr; HAL_VTIMER_StopTimer &rArr; _update_user_timeout &rArr; _check_radio_activity &rArr; TIMER_SetRadioTimerValue &rArr; get_system_time_and_machine
</UL>
<BR>[Calls]<UL><LI><a href="#[b6]">&gt;&gt;</a>&nbsp;&nbsp;&nbsp;HAL_VTIMER_RadioTimerIsr
<LI><a href="#[a4]">&gt;&gt;</a>&nbsp;&nbsp;&nbsp;BLE_STACK_RadioHandler
</UL>
<BR>[Address Reference Count : 1]<UL><LI> system_bluenrg_lp.o(.intvec)
</UL>
<P><STRONG><a name="[24]"></a>BLE_WKUP_IRQHandler</STRONG> (Thumb, 8 bytes, Stack size 8 bytes, ble_event.o(i.BLE_WKUP_IRQHandler))
<BR><BR>[Stack]<UL><LI>Max Depth = 96<LI>Call Chain = BLE_WKUP_IRQHandler &rArr; HAL_VTIMER_WakeUpCallback &rArr; _check_radio_activity &rArr; TIMER_SetRadioTimerValue &rArr; get_system_time_and_machine
</UL>
<BR>[Calls]<UL><LI><a href="#[b7]">&gt;&gt;</a>&nbsp;&nbsp;&nbsp;HAL_VTIMER_WakeUpCallback
</UL>
<BR>[Address Reference Count : 1]<UL><LI> system_bluenrg_lp.o(.intvec)
</UL>
<P><STRONG><a name="[23]"></a>CPU_WKUP_IRQHandler</STRONG> (Thumb, 8 bytes, Stack size 8 bytes, ble_event.o(i.CPU_WKUP_IRQHandler))
<BR><BR>[Stack]<UL><LI>Max Depth = 16<LI>Call Chain = CPU_WKUP_IRQHandler &rArr; HAL_VTIMER_TimeoutCallback
</UL>
<BR>[Calls]<UL><LI><a href="#[b8]">&gt;&gt;</a>&nbsp;&nbsp;&nbsp;HAL_VTIMER_TimeoutCallback
</UL>
<BR>[Address Reference Count : 1]<UL><LI> system_bluenrg_lp.o(.intvec)
</UL>
<P><STRONG><a name="[b9]"></a>CST_stop</STRONG> (Thumb, 86 bytes, Stack size unknown bytes, stacklib_timers.o(i.CST_stop))
<BR><BR>[Stack]<UL><LI>Max Depth = 160 + Unknown Stack Size
<LI>Call Chain = CST_stop &rArr; Timer_TryStartFirstActive &rArr; Timer_StartFirstActive_sysT &rArr; HAL_VTIMER_StartTimerSysTime &rArr; _virtualTimeBaseEnable &rArr; HAL_VTIMER_StopTimer &rArr; _update_user_timeout &rArr; _check_radio_activity &rArr; TIMER_SetRadioTimerValue &rArr; get_system_time_and_machine
</UL>
<BR>[Calls]<UL><LI><a href="#[ba]">&gt;&gt;</a>&nbsp;&nbsp;&nbsp;Timer_TryStartFirstActive
</UL>
<BR>[Called By]<UL><LI><a href="#[c7]">&gt;&gt;</a>&nbsp;&nbsp;&nbsp;GAT_att_cmn_stop_timer
</UL>

<P><STRONG><a name="[1d]"></a>DMA_IRQHandler</STRONG> (Thumb, 30 bytes, Stack size 8 bytes, bluenrg_lp_it.o(i.DMA_IRQHandler))
<BR><BR>[Stack]<UL><LI>Max Depth = 24<LI>Call Chain = DMA_IRQHandler &rArr; HAL_DMA_IRQHandler
</UL>
<BR>[Calls]<UL><LI><a href="#[bb]">&gt;&gt;</a>&nbsp;&nbsp;&nbsp;HAL_DMA_IRQHandler
</UL>
<BR>[Address Reference Count : 1]<UL><LI> system_bluenrg_lp.o(.intvec)
</UL>
<P><STRONG><a name="[bc]"></a>DMA_Init</STRONG> (Thumb, 32 bytes, Stack size 8 bytes, dma.o(i.DMA_Init))
<BR><BR>[Stack]<UL><LI>Max Depth = 16<LI>Call Chain = DMA_Init &rArr; HAL_NVIC_SetPriority
</UL>
<BR>[Calls]<UL><LI><a href="#[be]">&gt;&gt;</a>&nbsp;&nbsp;&nbsp;HAL_NVIC_EnableIRQ
<LI><a href="#[bd]">&gt;&gt;</a>&nbsp;&nbsp;&nbsp;HAL_NVIC_SetPriority
</UL>
<BR>[Called By]<UL><LI><a href="#[8d]">&gt;&gt;</a>&nbsp;&nbsp;&nbsp;main
</UL>

<P><STRONG><a name="[c]"></a>FLASH_IRQHandler</STRONG> (Thumb, 2 bytes, Stack size 0 bytes, system_bluenrg_lp.o(i.FLASH_IRQHandler))
<BR>[Address Reference Count : 1]<UL><LI> system_bluenrg_lp.o(.intvec)
</UL>
<P><STRONG><a name="[bf]"></a>GAP_Terminate_Link</STRONG> (Thumb, 8 bytes, Stack size unknown bytes, gap_common.o(i.GAP_Terminate_Link))
<BR><BR>[Calls]<UL><LI><a href="#[c0]">&gt;&gt;</a>&nbsp;&nbsp;&nbsp;LL_Disconnect_Link
</UL>
<BR>[Called By]<UL><LI><a href="#[1c8]">&gt;&gt;</a>&nbsp;&nbsp;&nbsp;aci_gap_terminate
</UL>

<P><STRONG><a name="[c2]"></a>GAT_att_cmn_get_conn_descr_p</STRONG> (Thumb, 30 bytes, Stack size unknown bytes, gat_att_cmn.o(i.GAT_att_cmn_get_conn_descr_p))
<BR><BR>[Called By]<UL><LI><a href="#[d2]">&gt;&gt;</a>&nbsp;&nbsp;&nbsp;GAT_att_srv_alloc_resp_packt
<LI><a href="#[ed]">&gt;&gt;</a>&nbsp;&nbsp;&nbsp;GAT_att_srv_resp
<LI><a href="#[c1]">&gt;&gt;</a>&nbsp;&nbsp;&nbsp;GAT_att_cmn_get_conn_index
</UL>

<P><STRONG><a name="[c1]"></a>GAT_att_cmn_get_conn_index</STRONG> (Thumb, 18 bytes, Stack size unknown bytes, gat_att_cmn.o(i.GAT_att_cmn_get_conn_index))
<BR><BR>[Calls]<UL><LI><a href="#[c2]">&gt;&gt;</a>&nbsp;&nbsp;&nbsp;GAT_att_cmn_get_conn_descr_p
</UL>
<BR>[Called By]<UL><LI><a href="#[c7]">&gt;&gt;</a>&nbsp;&nbsp;&nbsp;GAT_att_cmn_stop_timer
<LI><a href="#[106]">&gt;&gt;</a>&nbsp;&nbsp;&nbsp;GAT_srv_get_cccd_val
<LI><a href="#[de]">&gt;&gt;</a>&nbsp;&nbsp;&nbsp;GAT_srv_check_change_aware
<LI><a href="#[f4]">&gt;&gt;</a>&nbsp;&nbsp;&nbsp;GAT_srv_attr_value_write
<LI><a href="#[f9]">&gt;&gt;</a>&nbsp;&nbsp;&nbsp;GAT_srv_set_cccd_val
<LI><a href="#[103]">&gt;&gt;</a>&nbsp;&nbsp;&nbsp;GAT_srv_get_chr_val
</UL>

<P><STRONG><a name="[c3]"></a>GAT_att_cmn_send</STRONG> (Thumb, 50 bytes, Stack size unknown bytes, gat_att_cmn.o(i.GAT_att_cmn_send))
<BR><BR>[Stack]<UL><LI>Max Depth = 176 + Unknown Stack Size
<LI>Call Chain = GAT_att_cmn_send &rArr; L2C_send_frame &rArr; Acl_Transmit_Data &rArr; LL_Send_ACL_Data &rArr; LL_conn_slave_latency_cancelation &rArr; LL_sched_engine &rArr; HAL_VTIMER_SetRadioTimerValue &rArr; _virtualTimeBaseEnable &rArr; HAL_VTIMER_StopTimer &rArr; _update_user_timeout &rArr; _check_radio_activity &rArr; TIMER_SetRadioTimerValue &rArr; get_system_time_and_machine
</UL>
<BR>[Calls]<UL><LI><a href="#[b2]">&gt;&gt;</a>&nbsp;&nbsp;&nbsp;tsk_notify_idx
<LI><a href="#[c4]">&gt;&gt;</a>&nbsp;&nbsp;&nbsp;PM_Resize_Pckt_Pdu_Size
<LI><a href="#[c6]">&gt;&gt;</a>&nbsp;&nbsp;&nbsp;ACL_list_insert_tail
<LI><a href="#[c5]">&gt;&gt;</a>&nbsp;&nbsp;&nbsp;L2C_send_frame
</UL>
<BR>[Called By]<UL><LI><a href="#[ef]">&gt;&gt;</a>&nbsp;&nbsp;&nbsp;GAT_att_srv_send_response
</UL>

<P><STRONG><a name="[c7]"></a>GAT_att_cmn_stop_timer</STRONG> (Thumb, 26 bytes, Stack size unknown bytes, gat_att_cmn.o(i.GAT_att_cmn_stop_timer))
<BR><BR>[Stack]<UL><LI>Max Depth = 160 + Unknown Stack Size
<LI>Call Chain = GAT_att_cmn_stop_timer &rArr; CST_stop &rArr; Timer_TryStartFirstActive &rArr; Timer_StartFirstActive_sysT &rArr; HAL_VTIMER_StartTimerSysTime &rArr; _virtualTimeBaseEnable &rArr; HAL_VTIMER_StopTimer &rArr; _update_user_timeout &rArr; _check_radio_activity &rArr; TIMER_SetRadioTimerValue &rArr; get_system_time_and_machine
</UL>
<BR>[Calls]<UL><LI><a href="#[b9]">&gt;&gt;</a>&nbsp;&nbsp;&nbsp;CST_stop
<LI><a href="#[c1]">&gt;&gt;</a>&nbsp;&nbsp;&nbsp;GAT_att_cmn_get_conn_index
</UL>
<BR>[Called By]<UL><LI><a href="#[ef]">&gt;&gt;</a>&nbsp;&nbsp;&nbsp;GAT_att_srv_send_response
<LI><a href="#[82]">&gt;&gt;</a>&nbsp;&nbsp;&nbsp;GAT_att_srv_confirm_exc
</UL>

<P><STRONG><a name="[cb]"></a>GAT_att_db_find_by_def</STRONG> (Thumb, 28 bytes, Stack size unknown bytes, gat_att_db.o(i.GAT_att_db_find_by_def))
<BR><BR>[Calls]<UL><LI><a href="#[c8]">&gt;&gt;</a>&nbsp;&nbsp;&nbsp;GAT_att_db_find_attr_idx_with_conf_def
</UL>
<BR>[Called By]<UL><LI><a href="#[105]">&gt;&gt;</a>&nbsp;&nbsp;&nbsp;GAT_srv_get_attribute_handle
</UL>

<P><STRONG><a name="[cc]"></a>GAT_att_db_find_by_handle</STRONG> (Thumb, 28 bytes, Stack size unknown bytes, gat_att_db.o(i.GAT_att_db_find_by_handle))
<BR><BR>[Calls]<UL><LI><a href="#[ca]">&gt;&gt;</a>&nbsp;&nbsp;&nbsp;GAT_att_db_find_attr_idx_with_handle
</UL>
<BR>[Called By]<UL><LI><a href="#[e9]">&gt;&gt;</a>&nbsp;&nbsp;&nbsp;GAT_srv_find_by_handle_p
<LI><a href="#[de]">&gt;&gt;</a>&nbsp;&nbsp;&nbsp;GAT_srv_check_change_aware
<LI><a href="#[101]">&gt;&gt;</a>&nbsp;&nbsp;&nbsp;GAT_srv_get_incl_srv_val
</UL>

<P><STRONG><a name="[cd]"></a>GAT_att_db_find_from_handle</STRONG> (Thumb, 28 bytes, Stack size unknown bytes, gat_att_db.o(i.GAT_att_db_find_from_handle))
<BR><BR>[Calls]<UL><LI><a href="#[c9]">&gt;&gt;</a>&nbsp;&nbsp;&nbsp;GAT_att_db_find_attr_idx_from_handle
</UL>
<BR>[Called By]<UL><LI><a href="#[fe]">&gt;&gt;</a>&nbsp;&nbsp;&nbsp;GAT_srv_find_from_handle_p
<LI><a href="#[7a]">&gt;&gt;</a>&nbsp;&nbsp;&nbsp;GAT_att_srv_find_info_exc
</UL>

<P><STRONG><a name="[d0]"></a>GAT_att_db_get_last_group_handle</STRONG> (Thumb, 10 bytes, Stack size unknown bytes, gat_att_db.o(i.GAT_att_db_get_last_group_handle))
<BR><BR>[Calls]<UL><LI><a href="#[ce]">&gt;&gt;</a>&nbsp;&nbsp;&nbsp;GAT_att_db_get_last_group_attribute
</UL>
<BR>[Called By]<UL><LI><a href="#[e3]">&gt;&gt;</a>&nbsp;&nbsp;&nbsp;GAT_srv_get_att_group_end_handle
</UL>

<P><STRONG><a name="[d1]"></a>GAT_att_db_get_next</STRONG> (Thumb, 34 bytes, Stack size unknown bytes, gat_att_db.o(i.GAT_att_db_get_next))
<BR><BR>[Calls]<UL><LI><a href="#[cf]">&gt;&gt;</a>&nbsp;&nbsp;&nbsp;GAT_att_db_get_att_idx
</UL>
<BR>[Called By]<UL><LI><a href="#[7a]">&gt;&gt;</a>&nbsp;&nbsp;&nbsp;GAT_att_srv_find_info_exc
<LI><a href="#[df]">&gt;&gt;</a>&nbsp;&nbsp;&nbsp;GAT_srv_find_by_type_attr_p
</UL>

<P><STRONG><a name="[dc]"></a>GAT_att_srv_extract_write_packet_data</STRONG> (Thumb, 58 bytes, Stack size unknown bytes, gat_att_srv.o(i.GAT_att_srv_extract_write_packet_data))
<BR><BR>[Calls]<UL><LI><a href="#[dd]">&gt;&gt;</a>&nbsp;&nbsp;&nbsp;PM_Copy_Pckt_Data
</UL>
<BR>[Called By]<UL><LI><a href="#[f5]">&gt;&gt;</a>&nbsp;&nbsp;&nbsp;GAT_srv_attr_direct_value_write
<LI><a href="#[f4]">&gt;&gt;</a>&nbsp;&nbsp;&nbsp;GAT_srv_attr_value_write
</UL>

<P><STRONG><a name="[ed]"></a>GAT_att_srv_resp</STRONG> (Thumb, 136 bytes, Stack size unknown bytes, gat_att_srv.o(i.GAT_att_srv_resp))
<BR><BR>[Stack]<UL><LI>Max Depth = 176 + Unknown Stack Size
<LI>Call Chain = GAT_att_srv_resp &rArr; GAT_att_srv_send_response &rArr; GAT_att_cmn_send &rArr; L2C_send_frame &rArr; Acl_Transmit_Data &rArr; LL_Send_ACL_Data &rArr; LL_conn_slave_latency_cancelation &rArr; LL_sched_engine &rArr; HAL_VTIMER_SetRadioTimerValue &rArr; _virtualTimeBaseEnable &rArr; HAL_VTIMER_StopTimer &rArr; _update_user_timeout &rArr; _check_radio_activity &rArr; TIMER_SetRadioTimerValue &rArr; get_system_time_and_machine
</UL>
<BR>[Calls]<UL><LI><a href="#[ee]">&gt;&gt;</a>&nbsp;&nbsp;&nbsp;ACL_list_remove
<LI><a href="#[f0]">&gt;&gt;</a>&nbsp;&nbsp;&nbsp;PM_Release_Acl_Pckt
<LI><a href="#[d7]">&gt;&gt;</a>&nbsp;&nbsp;&nbsp;GAT_att_srv_write_err_packet
<LI><a href="#[ef]">&gt;&gt;</a>&nbsp;&nbsp;&nbsp;GAT_att_srv_send_response
<LI><a href="#[f1]">&gt;&gt;</a>&nbsp;&nbsp;&nbsp;GAT_att_srv_run
[...]
</UL>
<BR>[Called By]<UL><LI><a href="#[cc]">&gt;&gt;</a>&nbsp;&nbsp;&nbsp;GAT_att_db_find_by_handle
</UL>

<P><STRONG><a name="[cf]"></a>GAT_att_db_get_att_idx</STRONG> (Thumb, 32 bytes, Stack size unknown bytes, gat_att_db.o(i.GAT_att_db_get_att_idx))
<BR><BR>[Called By]<UL><LI><a href="#[ce]">&gt;&gt;</a>&nbsp;&nbsp;&nbsp;GAT_att_db_get_last_group_attribute
<LI><a href="#[d1]">&gt;&gt;</a>&nbsp;&nbsp;&nbsp;GAT_att_db_get_next
</UL>

<P><STRONG><a name="[ce]"></a>GAT_att_db_get_last_group_attribute</STRONG> (Thumb, 90 bytes, Stack size unknown bytes, gat_att_db.o(i.GAT_att_db_get_last_group_attribute))
<BR><BR>[Calls]<UL><LI><a href="#[cf]">&gt;&gt;</a>&nbsp;&nbsp;&nbsp;GAT_att_db_get_att_idx
</UL>
<BR>[Called By]<UL><LI><a href="#[d0]">&gt;&gt;</a>&nbsp;&nbsp;&nbsp;GAT_att_db_get_last_group_handle
</UL>

<P><STRONG><a name="[d2]"></a>GAT_att_srv_alloc_resp_packt</STRONG> (Thumb, 84 bytes, Stack size unknown bytes, gat_att_srv.o(i.GAT_att_srv_alloc_resp_packt))
<BR><BR>[Stack]<UL><LI>Max Depth = 8 + Unknown Stack Size
<LI>Call Chain = GAT_att_srv_alloc_resp_packt &rArr; GAT_att_srv_get_exec_fn_id_by_op &rArr; __ARM_common_switch8
</UL>
<BR>[Calls]<UL><LI><a href="#[d4]">&gt;&gt;</a>&nbsp;&nbsp;&nbsp;PM_Get_Host_Pckt
<LI><a href="#[d3]">&gt;&gt;</a>&nbsp;&nbsp;&nbsp;GAT_att_srv_get_exec_fn_id_by_op
<LI><a href="#[c2]">&gt;&gt;</a>&nbsp;&nbsp;&nbsp;GAT_att_cmn_get_conn_descr_p
</UL>
<BR>[Called By]<UL><LI><a href="#[f1]">&gt;&gt;</a>&nbsp;&nbsp;&nbsp;GAT_att_srv_run
</UL>

<P><STRONG><a name="[d5]"></a>GAT_att_srv_common_check</STRONG> (Thumb, 148 bytes, Stack size unknown bytes, gat_att_srv.o(i.GAT_att_srv_common_check))
<BR><BR>[Stack]<UL><LI>Max Depth = 8 + Unknown Stack Size
<LI>Call Chain = GAT_att_srv_common_check &rArr; GAT_att_srv_get_exec_fn_id_by_op &rArr; __ARM_common_switch8
</UL>
<BR>[Calls]<UL><LI><a href="#[d4]">&gt;&gt;</a>&nbsp;&nbsp;&nbsp;PM_Get_Host_Pckt
<LI><a href="#[d7]">&gt;&gt;</a>&nbsp;&nbsp;&nbsp;GAT_att_srv_write_err_packet
<LI><a href="#[d6]">&gt;&gt;</a>&nbsp;&nbsp;&nbsp;GAT_att_srv_get_handle_range
<LI><a href="#[d3]">&gt;&gt;</a>&nbsp;&nbsp;&nbsp;GAT_att_srv_get_exec_fn_id_by_op
</UL>
<BR>[Called By]<UL><LI><a href="#[f1]">&gt;&gt;</a>&nbsp;&nbsp;&nbsp;GAT_att_srv_run
</UL>

<P><STRONG><a name="[82]"></a>GAT_att_srv_confirm_exc</STRONG> (Thumb, 84 bytes, Stack size unknown bytes, gat_att_srv.o(i.GAT_att_srv_confirm_exc))
<BR><BR>[Stack]<UL><LI>Max Depth = 160 + Unknown Stack Size
<LI>Call Chain = GAT_att_srv_confirm_exc &rArr; GAT_att_cmn_stop_timer &rArr; CST_stop &rArr; Timer_TryStartFirstActive &rArr; Timer_StartFirstActive_sysT &rArr; HAL_VTIMER_StartTimerSysTime &rArr; _virtualTimeBaseEnable &rArr; HAL_VTIMER_StopTimer &rArr; _update_user_timeout &rArr; _check_radio_activity &rArr; TIMER_SetRadioTimerValue &rArr; get_system_time_and_machine
</UL>
<BR>[Calls]<UL><LI><a href="#[d8]">&gt;&gt;</a>&nbsp;&nbsp;&nbsp;aci_event_fifo_push_header
<LI><a href="#[d9]">&gt;&gt;</a>&nbsp;&nbsp;&nbsp;aci_event_fifo_push
<LI><a href="#[c7]">&gt;&gt;</a>&nbsp;&nbsp;&nbsp;GAT_att_cmn_stop_timer
</UL>
<BR>[Address Reference Count : 1]<UL><LI> gat_att_srv.o(.constdata)
</UL>
<P><STRONG><a name="[79]"></a>GAT_att_srv_exchange_mtu_exc</STRONG> (Thumb, 190 bytes, Stack size unknown bytes, gat_att_srv.o(i.GAT_att_srv_exchange_mtu_exc))
<BR><BR>[Calls]<UL><LI><a href="#[da]">&gt;&gt;</a>&nbsp;&nbsp;&nbsp;Osal_MemCpy
<LI><a href="#[d8]">&gt;&gt;</a>&nbsp;&nbsp;&nbsp;aci_event_fifo_push_header
<LI><a href="#[d9]">&gt;&gt;</a>&nbsp;&nbsp;&nbsp;aci_event_fifo_push
<LI><a href="#[db]">&gt;&gt;</a>&nbsp;&nbsp;&nbsp;aci_hal_fw_error_event_push
</UL>
<BR>[Address Reference Count : 1]<UL><LI> gat_att_srv.o(.constdata)
</UL>
<P><STRONG><a name="[81]"></a>GAT_att_srv_exec_wr_exc</STRONG> (Thumb, 84 bytes, Stack size unknown bytes, gat_att_srv.o(i.GAT_att_srv_exec_wr_exc))
<BR><BR>[Calls]<UL><LI><a href="#[d8]">&gt;&gt;</a>&nbsp;&nbsp;&nbsp;aci_event_fifo_push_header
<LI><a href="#[d9]">&gt;&gt;</a>&nbsp;&nbsp;&nbsp;aci_event_fifo_push
</UL>
<BR>[Address Reference Count : 1]<UL><LI> gat_att_srv.o(.constdata)
</UL>
<P><STRONG><a name="[7b]"></a>GAT_att_srv_find_by_type_val_exc</STRONG> (Thumb, 272 bytes, Stack size unknown bytes, gat_att_srv.o(i.GAT_att_srv_find_by_type_val_exc))
<BR><BR>[Stack]<UL><LI>Max Depth = 16 + Unknown Stack Size
<LI>Call Chain = GAT_att_srv_find_by_type_val_exc &rArr; PM_Pckt_Cmp &rArr; Mem_Buff_cmp &rArr; Osal_MemCmp &rArr; memcmp
</UL>
<BR>[Calls]<UL><LI><a href="#[da]">&gt;&gt;</a>&nbsp;&nbsp;&nbsp;Osal_MemCpy
<LI><a href="#[e2]">&gt;&gt;</a>&nbsp;&nbsp;&nbsp;PM_Write_Pckt_Data
<LI><a href="#[d7]">&gt;&gt;</a>&nbsp;&nbsp;&nbsp;GAT_att_srv_write_err_packet
<LI><a href="#[e0]">&gt;&gt;</a>&nbsp;&nbsp;&nbsp;GAT_att_srv_value_read
<LI><a href="#[d6]">&gt;&gt;</a>&nbsp;&nbsp;&nbsp;GAT_att_srv_get_handle_range
<LI><a href="#[e1]">&gt;&gt;</a>&nbsp;&nbsp;&nbsp;PM_Pckt_Cmp
<LI><a href="#[e3]">&gt;&gt;</a>&nbsp;&nbsp;&nbsp;GAT_srv_get_att_group_end_handle
<LI><a href="#[df]">&gt;&gt;</a>&nbsp;&nbsp;&nbsp;GAT_srv_find_by_type_attr_p
<LI><a href="#[de]">&gt;&gt;</a>&nbsp;&nbsp;&nbsp;GAT_srv_check_change_aware
</UL>
<BR>[Address Reference Count : 1]<UL><LI> gat_att_srv.o(.constdata)
</UL>
<P><STRONG><a name="[7a]"></a>GAT_att_srv_find_info_exc</STRONG> (Thumb, 246 bytes, Stack size unknown bytes, gat_att_srv.o(i.GAT_att_srv_find_info_exc))
<BR><BR>[Stack]<UL><LI>Max Depth = 16 + Unknown Stack Size
<LI>Call Chain = GAT_att_srv_find_info_exc &rArr; GAT_srv_check_change_aware &rArr; GAT_srv_find_by_type_attr_p &rArr; UUID_cmp &rArr; Osal_MemCmp &rArr; memcmp
</UL>
<BR>[Calls]<UL><LI><a href="#[e2]">&gt;&gt;</a>&nbsp;&nbsp;&nbsp;PM_Write_Pckt_Data
<LI><a href="#[d7]">&gt;&gt;</a>&nbsp;&nbsp;&nbsp;GAT_att_srv_write_err_packet
<LI><a href="#[d6]">&gt;&gt;</a>&nbsp;&nbsp;&nbsp;GAT_att_srv_get_handle_range
<LI><a href="#[d1]">&gt;&gt;</a>&nbsp;&nbsp;&nbsp;GAT_att_db_get_next
<LI><a href="#[cd]">&gt;&gt;</a>&nbsp;&nbsp;&nbsp;GAT_att_db_find_from_handle
<LI><a href="#[e4]">&gt;&gt;</a>&nbsp;&nbsp;&nbsp;GAT_srv_get_attr_type
<LI><a href="#[de]">&gt;&gt;</a>&nbsp;&nbsp;&nbsp;GAT_srv_check_change_aware
<LI><a href="#[e5]">&gt;&gt;</a>&nbsp;&nbsp;&nbsp;UUID_get_value_p
</UL>
<BR>[Address Reference Count : 1]<UL><LI> gat_att_srv.o(.constdata)
</UL>
<P><STRONG><a name="[d3]"></a>GAT_att_srv_get_exec_fn_id_by_op</STRONG> (Thumb, 120 bytes, Stack size unknown bytes, gat_att_srv.o(i.GAT_att_srv_get_exec_fn_id_by_op))
<BR><BR>[Stack]<UL><LI>Max Depth = 8 + Unknown Stack Size
<LI>Call Chain = GAT_att_srv_get_exec_fn_id_by_op &rArr; __ARM_common_switch8
</UL>
<BR>[Calls]<UL><LI><a href="#[e6]">&gt;&gt;</a>&nbsp;&nbsp;&nbsp;__ARM_common_switch8
</UL>
<BR>[Called By]<UL><LI><a href="#[f1]">&gt;&gt;</a>&nbsp;&nbsp;&nbsp;GAT_att_srv_run
<LI><a href="#[d5]">&gt;&gt;</a>&nbsp;&nbsp;&nbsp;GAT_att_srv_common_check
<LI><a href="#[d2]">&gt;&gt;</a>&nbsp;&nbsp;&nbsp;GAT_att_srv_alloc_resp_packt
</UL>

<P><STRONG><a name="[d6]"></a>GAT_att_srv_get_handle_range</STRONG> (Thumb, 34 bytes, Stack size unknown bytes, gat_att_srv.o(i.GAT_att_srv_get_handle_range))
<BR><BR>[Calls]<UL><LI><a href="#[da]">&gt;&gt;</a>&nbsp;&nbsp;&nbsp;Osal_MemCpy
</UL>
<BR>[Called By]<UL><LI><a href="#[7c]">&gt;&gt;</a>&nbsp;&nbsp;&nbsp;GAT_att_srv_read_by_type_exc
<LI><a href="#[7a]">&gt;&gt;</a>&nbsp;&nbsp;&nbsp;GAT_att_srv_find_info_exc
<LI><a href="#[7b]">&gt;&gt;</a>&nbsp;&nbsp;&nbsp;GAT_att_srv_find_by_type_val_exc
<LI><a href="#[d5]">&gt;&gt;</a>&nbsp;&nbsp;&nbsp;GAT_att_srv_common_check
</UL>

<P><STRONG><a name="[80]"></a>GAT_att_srv_prep_wr_exc</STRONG> (Thumb, 242 bytes, Stack size unknown bytes, gat_att_srv.o(i.GAT_att_srv_prep_wr_exc))
<BR><BR>[Stack]<UL><LI>Max Depth = 16 + Unknown Stack Size
<LI>Call Chain = GAT_att_srv_prep_wr_exc &rArr; GAT_att_srv_set_attr_value_check &rArr; GAT_srv_check_change_aware &rArr; GAT_srv_find_by_type_attr_p &rArr; UUID_cmp &rArr; Osal_MemCmp &rArr; memcmp
</UL>
<BR>[Calls]<UL><LI><a href="#[da]">&gt;&gt;</a>&nbsp;&nbsp;&nbsp;Osal_MemCpy
<LI><a href="#[d8]">&gt;&gt;</a>&nbsp;&nbsp;&nbsp;aci_event_fifo_push_header
<LI><a href="#[d9]">&gt;&gt;</a>&nbsp;&nbsp;&nbsp;aci_event_fifo_push
<LI><a href="#[e2]">&gt;&gt;</a>&nbsp;&nbsp;&nbsp;PM_Write_Pckt_Data
<LI><a href="#[d7]">&gt;&gt;</a>&nbsp;&nbsp;&nbsp;GAT_att_srv_write_err_packet
<LI><a href="#[e7]">&gt;&gt;</a>&nbsp;&nbsp;&nbsp;GAT_att_srv_set_attr_value_check
</UL>
<BR>[Address Reference Count : 1]<UL><LI> gat_att_srv.o(.constdata)
</UL>
<P><STRONG><a name="[7c]"></a>GAT_att_srv_read_by_type_exc</STRONG> (Thumb, 474 bytes, Stack size unknown bytes, gat_att_srv.o(i.GAT_att_srv_read_by_type_exc))
<BR><BR>[Stack]<UL><LI>Max Depth = 16 + Unknown Stack Size
<LI>Call Chain = GAT_att_srv_read_by_type_exc &rArr; GAT_srv_is_supported_grouping_type &rArr; UUID_cmp_128bits &rArr; Osal_MemCmp &rArr; memcmp
</UL>
<BR>[Calls]<UL><LI><a href="#[da]">&gt;&gt;</a>&nbsp;&nbsp;&nbsp;Osal_MemCpy
<LI><a href="#[e2]">&gt;&gt;</a>&nbsp;&nbsp;&nbsp;PM_Write_Pckt_Data
<LI><a href="#[dd]">&gt;&gt;</a>&nbsp;&nbsp;&nbsp;PM_Copy_Pckt_Data
<LI><a href="#[d7]">&gt;&gt;</a>&nbsp;&nbsp;&nbsp;GAT_att_srv_write_err_packet
<LI><a href="#[e0]">&gt;&gt;</a>&nbsp;&nbsp;&nbsp;GAT_att_srv_value_read
<LI><a href="#[d6]">&gt;&gt;</a>&nbsp;&nbsp;&nbsp;GAT_att_srv_get_handle_range
<LI><a href="#[e8]">&gt;&gt;</a>&nbsp;&nbsp;&nbsp;GAT_srv_is_supported_grouping_type
<LI><a href="#[e3]">&gt;&gt;</a>&nbsp;&nbsp;&nbsp;GAT_srv_get_att_group_end_handle
<LI><a href="#[df]">&gt;&gt;</a>&nbsp;&nbsp;&nbsp;GAT_srv_find_by_type_attr_p
<LI><a href="#[de]">&gt;&gt;</a>&nbsp;&nbsp;&nbsp;GAT_srv_check_change_aware
</UL>
<BR>[Address Reference Count : 1]<UL><LI> gat_att_srv.o(.constdata)
</UL>
<P><STRONG><a name="[7d]"></a>GAT_att_srv_read_exc</STRONG> (Thumb, 284 bytes, Stack size unknown bytes, gat_att_srv.o(i.GAT_att_srv_read_exc))
<BR><BR>[Stack]<UL><LI>Max Depth = 16 + Unknown Stack Size
<LI>Call Chain = GAT_att_srv_read_exc &rArr; GAT_srv_check_change_aware &rArr; GAT_srv_find_by_type_attr_p &rArr; UUID_cmp &rArr; Osal_MemCmp &rArr; memcmp
</UL>
<BR>[Calls]<UL><LI><a href="#[da]">&gt;&gt;</a>&nbsp;&nbsp;&nbsp;Osal_MemCpy
<LI><a href="#[e2]">&gt;&gt;</a>&nbsp;&nbsp;&nbsp;PM_Write_Pckt_Data
<LI><a href="#[dd]">&gt;&gt;</a>&nbsp;&nbsp;&nbsp;PM_Copy_Pckt_Data
<LI><a href="#[e9]">&gt;&gt;</a>&nbsp;&nbsp;&nbsp;GAT_srv_find_by_handle_p
<LI><a href="#[d7]">&gt;&gt;</a>&nbsp;&nbsp;&nbsp;GAT_att_srv_write_err_packet
<LI><a href="#[e0]">&gt;&gt;</a>&nbsp;&nbsp;&nbsp;GAT_att_srv_value_read
<LI><a href="#[de]">&gt;&gt;</a>&nbsp;&nbsp;&nbsp;GAT_srv_check_change_aware
</UL>
<BR>[Address Reference Count : 1]<UL><LI> gat_att_srv.o(.constdata)
</UL>
<P><STRONG><a name="[7e]"></a>GAT_att_srv_read_multi_exc</STRONG> (Thumb, 340 bytes, Stack size unknown bytes, gat_att_srv.o(i.GAT_att_srv_read_multi_exc))
<BR><BR>[Stack]<UL><LI>Max Depth = 16 + Unknown Stack Size
<LI>Call Chain = GAT_att_srv_read_multi_exc &rArr; GAT_srv_check_change_aware &rArr; GAT_srv_find_by_type_attr_p &rArr; UUID_cmp &rArr; Osal_MemCmp &rArr; memcmp
</UL>
<BR>[Calls]<UL><LI><a href="#[e2]">&gt;&gt;</a>&nbsp;&nbsp;&nbsp;PM_Write_Pckt_Data
<LI><a href="#[dd]">&gt;&gt;</a>&nbsp;&nbsp;&nbsp;PM_Copy_Pckt_Data
<LI><a href="#[ec]">&gt;&gt;</a>&nbsp;&nbsp;&nbsp;aci_gatt_srv_read_event_push
<LI><a href="#[e9]">&gt;&gt;</a>&nbsp;&nbsp;&nbsp;GAT_srv_find_by_handle_p
<LI><a href="#[d7]">&gt;&gt;</a>&nbsp;&nbsp;&nbsp;GAT_att_srv_write_err_packet
<LI><a href="#[eb]">&gt;&gt;</a>&nbsp;&nbsp;&nbsp;GAT_srv_get_attr_value
<LI><a href="#[ea]">&gt;&gt;</a>&nbsp;&nbsp;&nbsp;GAT_srv_check_perms
<LI><a href="#[de]">&gt;&gt;</a>&nbsp;&nbsp;&nbsp;GAT_srv_check_change_aware
</UL>
<BR>[Address Reference Count : 1]<UL><LI> gat_att_srv.o(.constdata)
</UL>
<P><STRONG><a name="[f1]"></a>GAT_att_srv_run</STRONG> (Thumb, 140 bytes, Stack size unknown bytes, gat_att_srv.o(i.GAT_att_srv_run))
<BR><BR>[Stack]<UL><LI>Max Depth = 176 + Unknown Stack Size
<LI>Call Chain = GAT_att_srv_run &rArr; GAT_att_srv_send_response &rArr; GAT_att_cmn_send &rArr; L2C_send_frame &rArr; Acl_Transmit_Data &rArr; LL_Send_ACL_Data &rArr; LL_conn_slave_latency_cancelation &rArr; LL_sched_engine &rArr; HAL_VTIMER_SetRadioTimerValue &rArr; _virtualTimeBaseEnable &rArr; HAL_VTIMER_StopTimer &rArr; _update_user_timeout &rArr; _check_radio_activity &rArr; TIMER_SetRadioTimerValue &rArr; get_system_time_and_machine
</UL>
<BR>[Calls]<UL><LI><a href="#[b2]">&gt;&gt;</a>&nbsp;&nbsp;&nbsp;tsk_notify_idx
<LI><a href="#[c6]">&gt;&gt;</a>&nbsp;&nbsp;&nbsp;ACL_list_insert_tail
<LI><a href="#[f0]">&gt;&gt;</a>&nbsp;&nbsp;&nbsp;PM_Release_Acl_Pckt
<LI><a href="#[ef]">&gt;&gt;</a>&nbsp;&nbsp;&nbsp;GAT_att_srv_send_response
<LI><a href="#[d3]">&gt;&gt;</a>&nbsp;&nbsp;&nbsp;GAT_att_srv_get_exec_fn_id_by_op
<LI><a href="#[d5]">&gt;&gt;</a>&nbsp;&nbsp;&nbsp;GAT_att_srv_common_check
<LI><a href="#[d2]">&gt;&gt;</a>&nbsp;&nbsp;&nbsp;GAT_att_srv_alloc_resp_packt
</UL>
<BR>[Called By]<UL><LI><a href="#[ed]">&gt;&gt;</a>&nbsp;&nbsp;&nbsp;GAT_att_srv_resp
</UL>

<P><STRONG><a name="[ef]"></a>GAT_att_srv_send_response</STRONG> (Thumb, 52 bytes, Stack size unknown bytes, gat_att_srv.o(i.GAT_att_srv_send_response))
<BR><BR>[Stack]<UL><LI>Max Depth = 176 + Unknown Stack Size
<LI>Call Chain = GAT_att_srv_send_response &rArr; GAT_att_cmn_send &rArr; L2C_send_frame &rArr; Acl_Transmit_Data &rArr; LL_Send_ACL_Data &rArr; LL_conn_slave_latency_cancelation &rArr; LL_sched_engine &rArr; HAL_VTIMER_SetRadioTimerValue &rArr; _virtualTimeBaseEnable &rArr; HAL_VTIMER_StopTimer &rArr; _update_user_timeout &rArr; _check_radio_activity &rArr; TIMER_SetRadioTimerValue &rArr; get_system_time_and_machine
</UL>
<BR>[Calls]<UL><LI><a href="#[c4]">&gt;&gt;</a>&nbsp;&nbsp;&nbsp;PM_Resize_Pckt_Pdu_Size
<LI><a href="#[c7]">&gt;&gt;</a>&nbsp;&nbsp;&nbsp;GAT_att_cmn_stop_timer
<LI><a href="#[c3]">&gt;&gt;</a>&nbsp;&nbsp;&nbsp;GAT_att_cmn_send
</UL>
<BR>[Called By]<UL><LI><a href="#[f1]">&gt;&gt;</a>&nbsp;&nbsp;&nbsp;GAT_att_srv_run
<LI><a href="#[ed]">&gt;&gt;</a>&nbsp;&nbsp;&nbsp;GAT_att_srv_resp
</UL>

<P><STRONG><a name="[e7]"></a>GAT_att_srv_set_attr_value_check</STRONG> (Thumb, 52 bytes, Stack size unknown bytes, gat_att_srv.o(i.GAT_att_srv_set_attr_value_check))
<BR><BR>[Stack]<UL><LI>Max Depth = 16 + Unknown Stack Size
<LI>Call Chain = GAT_att_srv_set_attr_value_check &rArr; GAT_srv_check_change_aware &rArr; GAT_srv_find_by_type_attr_p &rArr; UUID_cmp &rArr; Osal_MemCmp &rArr; memcmp
</UL>
<BR>[Calls]<UL><LI><a href="#[e9]">&gt;&gt;</a>&nbsp;&nbsp;&nbsp;GAT_srv_find_by_handle_p
<LI><a href="#[ea]">&gt;&gt;</a>&nbsp;&nbsp;&nbsp;GAT_srv_check_perms
<LI><a href="#[de]">&gt;&gt;</a>&nbsp;&nbsp;&nbsp;GAT_srv_check_change_aware
</UL>
<BR>[Called By]<UL><LI><a href="#[7f]">&gt;&gt;</a>&nbsp;&nbsp;&nbsp;GAT_att_srv_write_exc
<LI><a href="#[80]">&gt;&gt;</a>&nbsp;&nbsp;&nbsp;GAT_att_srv_prep_wr_exc
</UL>

<P><STRONG><a name="[e0]"></a>GAT_att_srv_value_read</STRONG> (Thumb, 114 bytes, Stack size unknown bytes, gat_att_srv.o(i.GAT_att_srv_value_read))
<BR><BR>[Stack]<UL><LI>Max Depth = 8 + Unknown Stack Size
<LI>Call Chain = GAT_att_srv_value_read &rArr; GAT_srv_attr_value_read &rArr; GAT_srv_get_attr_value &rArr; __ARM_common_switch8
</UL>
<BR>[Calls]<UL><LI><a href="#[ec]">&gt;&gt;</a>&nbsp;&nbsp;&nbsp;aci_gatt_srv_read_event_push
<LI><a href="#[f2]">&gt;&gt;</a>&nbsp;&nbsp;&nbsp;GAT_srv_attr_value_read
</UL>
<BR>[Called By]<UL><LI><a href="#[7d]">&gt;&gt;</a>&nbsp;&nbsp;&nbsp;GAT_att_srv_read_exc
<LI><a href="#[7c]">&gt;&gt;</a>&nbsp;&nbsp;&nbsp;GAT_att_srv_read_by_type_exc
<LI><a href="#[7b]">&gt;&gt;</a>&nbsp;&nbsp;&nbsp;GAT_att_srv_find_by_type_val_exc
</UL>

<P><STRONG><a name="[d7]"></a>GAT_att_srv_write_err_packet</STRONG> (Thumb, 50 bytes, Stack size unknown bytes, gat_att_srv.o(i.GAT_att_srv_write_err_packet))
<BR><BR>[Calls]<UL><LI><a href="#[da]">&gt;&gt;</a>&nbsp;&nbsp;&nbsp;Osal_MemCpy
</UL>
<BR>[Called By]<UL><LI><a href="#[7f]">&gt;&gt;</a>&nbsp;&nbsp;&nbsp;GAT_att_srv_write_exc
<LI><a href="#[7e]">&gt;&gt;</a>&nbsp;&nbsp;&nbsp;GAT_att_srv_read_multi_exc
<LI><a href="#[7d]">&gt;&gt;</a>&nbsp;&nbsp;&nbsp;GAT_att_srv_read_exc
<LI><a href="#[7c]">&gt;&gt;</a>&nbsp;&nbsp;&nbsp;GAT_att_srv_read_by_type_exc
<LI><a href="#[80]">&gt;&gt;</a>&nbsp;&nbsp;&nbsp;GAT_att_srv_prep_wr_exc
<LI><a href="#[7a]">&gt;&gt;</a>&nbsp;&nbsp;&nbsp;GAT_att_srv_find_info_exc
<LI><a href="#[7b]">&gt;&gt;</a>&nbsp;&nbsp;&nbsp;GAT_att_srv_find_by_type_val_exc
<LI><a href="#[d5]">&gt;&gt;</a>&nbsp;&nbsp;&nbsp;GAT_att_srv_common_check
<LI><a href="#[ed]">&gt;&gt;</a>&nbsp;&nbsp;&nbsp;GAT_att_srv_resp
</UL>

<P><STRONG><a name="[7f]"></a>GAT_att_srv_write_exc</STRONG> (Thumb, 230 bytes, Stack size unknown bytes, gat_att_srv.o(i.GAT_att_srv_write_exc))
<BR><BR>[Stack]<UL><LI>Max Depth = 24 + Unknown Stack Size
<LI>Call Chain = GAT_att_srv_write_exc &rArr; SMP_validate_signed_packet &rArr; sma_CMAC_generate_tag &rArr; hci_le_encrypt &rArr; BLEPLAT_aes128_encrypt &rArr; AESMGR_Encrypt
</UL>
<BR>[Calls]<UL><LI><a href="#[da]">&gt;&gt;</a>&nbsp;&nbsp;&nbsp;Osal_MemCpy
<LI><a href="#[d8]">&gt;&gt;</a>&nbsp;&nbsp;&nbsp;aci_event_fifo_push_header
<LI><a href="#[d9]">&gt;&gt;</a>&nbsp;&nbsp;&nbsp;aci_event_fifo_push
<LI><a href="#[d7]">&gt;&gt;</a>&nbsp;&nbsp;&nbsp;GAT_att_srv_write_err_packet
<LI><a href="#[e7]">&gt;&gt;</a>&nbsp;&nbsp;&nbsp;GAT_att_srv_set_attr_value_check
<LI><a href="#[f3]">&gt;&gt;</a>&nbsp;&nbsp;&nbsp;SMP_validate_signed_packet
<LI><a href="#[f4]">&gt;&gt;</a>&nbsp;&nbsp;&nbsp;GAT_srv_attr_value_write
</UL>
<BR>[Address Reference Count : 1]<UL><LI> gat_att_srv.o(.constdata)
</UL>
<P><STRONG><a name="[e9]"></a>GAT_srv_find_by_handle_p</STRONG> (Thumb, 8 bytes, Stack size unknown bytes, gat_att_srv.o(i.GAT_srv_find_by_handle_p))
<BR><BR>[Calls]<UL><LI><a href="#[cc]">&gt;&gt;</a>&nbsp;&nbsp;&nbsp;GAT_att_db_find_by_handle
</UL>
<BR>[Called By]<UL><LI><a href="#[e7]">&gt;&gt;</a>&nbsp;&nbsp;&nbsp;GAT_att_srv_set_attr_value_check
<LI><a href="#[7e]">&gt;&gt;</a>&nbsp;&nbsp;&nbsp;GAT_att_srv_read_multi_exc
<LI><a href="#[7d]">&gt;&gt;</a>&nbsp;&nbsp;&nbsp;GAT_att_srv_read_exc
</UL>

<P><STRONG><a name="[d4]"></a>PM_Get_Host_Pckt</STRONG> (Thumb, 16 bytes, Stack size unknown bytes, gat_att_srv.o(i.PM_Get_Host_Pckt))
<BR><BR>[Calls]<UL><LI><a href="#[16e]">&gt;&gt;</a>&nbsp;&nbsp;&nbsp;PM_Get_Pckt
</UL>
<BR>[Called By]<UL><LI><a href="#[d5]">&gt;&gt;</a>&nbsp;&nbsp;&nbsp;GAT_att_srv_common_check
<LI><a href="#[d2]">&gt;&gt;</a>&nbsp;&nbsp;&nbsp;GAT_att_srv_alloc_resp_packt
</UL>

<P><STRONG><a name="[ec]"></a>aci_gatt_srv_read_event_push</STRONG> (Thumb, 64 bytes, Stack size unknown bytes, gat_att_srv.o(i.aci_gatt_srv_read_event_push))
<BR><BR>[Calls]<UL><LI><a href="#[d8]">&gt;&gt;</a>&nbsp;&nbsp;&nbsp;aci_event_fifo_push_header
<LI><a href="#[d9]">&gt;&gt;</a>&nbsp;&nbsp;&nbsp;aci_event_fifo_push
</UL>
<BR>[Called By]<UL><LI><a href="#[e0]">&gt;&gt;</a>&nbsp;&nbsp;&nbsp;GAT_att_srv_value_read
<LI><a href="#[7e]">&gt;&gt;</a>&nbsp;&nbsp;&nbsp;GAT_att_srv_read_multi_exc
</UL>

<P><STRONG><a name="[db]"></a>aci_hal_fw_error_event_push</STRONG> (Thumb, 96 bytes, Stack size unknown bytes, gat_att_srv.o(i.aci_hal_fw_error_event_push))
<BR><BR>[Calls]<UL><LI><a href="#[da]">&gt;&gt;</a>&nbsp;&nbsp;&nbsp;Osal_MemCpy
<LI><a href="#[d8]">&gt;&gt;</a>&nbsp;&nbsp;&nbsp;aci_event_fifo_push_header
<LI><a href="#[d9]">&gt;&gt;</a>&nbsp;&nbsp;&nbsp;aci_event_fifo_push
</UL>
<BR>[Called By]<UL><LI><a href="#[79]">&gt;&gt;</a>&nbsp;&nbsp;&nbsp;GAT_att_srv_exchange_mtu_exc
</UL>
<P>
<H3>
Undefined Global Symbols
</H3>
<P><STRONG><a name="[9d]"></a>_call_atexit_fns</STRONG> (ARM, 0 bytes, Stack size 0 bytes, UNDEFINED)
<BR><BR>[Called By]<UL><LI><a href="#[8e]">&gt;&gt;</a>&nbsp;&nbsp;&nbsp;exit
</UL>
<HR></body></html>
