<html>
<body>
<pre>
<h1>µVision Build Log</h1>
<h2>Tool Versions:</h2>
IDE-Version: ¦ÌVision V5.34.0.0
Copyright (C) 2021 ARM Ltd and ARM Germany GmbH. All rights reserved.
License Information: 1 EganChan, 1, LIC=ZB4EI-T205A-Z9YG9-4C2WI-XRR71-RIXPM
 
Tool Versions:
Toolchain:       MDK-ARM Plus  Version: 5.34.0.0
Toolchain Path:  D:\MDK5\ARM\ARMCC\Bin
C Compiler:      Armcc.exe V5.06 update 7 (build 960)
Assembler:       Armasm.exe V5.06 update 7 (build 960)
Linker/Locator:  ArmLink.exe V5.06 update 7 (build 960)
Library Manager: ArmAr.exe V5.06 update 7 (build 960)
Hex Converter:   FromElf.exe V5.06 update 7 (build 960)
CPU DLL:         SARMCM3.DLL V5.34.0.0
Dialog DLL:      DARMCM1.DLL V1.19.4.0
Target DLL:      Segger\JL2CM3.dll V2.99.38.0
Dialog DLL:      TARMCM1.DLL V1.14.3.0
 
<h2>Project:</h2>
D:\work\BLEAdapter\BLE_Adapter\project\MDK-ARM\STEVAL-IDB011V1\BLE_Adapter.uvprojx
Project File Date:  08/06/2023

<h2>Output:</h2>
*** Using Compiler 'V5.06 update 7 (build 960)', folder: 'D:\MDK5\ARM\ARMCC\Bin'
Build target 'BLE_Adapter'
compiling main.c...
..\..\Src\main.c(100): warning:  #177-D: variable "ret"  was declared but never referenced
  	tBleStatus ret;
..\..\Src\main.c: 1 warning, 0 errors
linking...
Program Size: Code=151696 RO-data=2152 RW-data=1476 ZI-data=61504  
FromELF: creating hex file...
".\Objects\BLE_Adapter.axf" - 0 Error(s), 1 Warning(s).

<h2>Software Packages used:</h2>

Package Vendor: Keil
                http://www.keil.com/pack/Keil.STBlueNRG-LP_DFP.3.0.0.pack
                Keil.STBlueNRG-LP_DFP.3.0.0
                STMicroelectronics BlueNRG-LP Series Device Support

<h2>Collection of Component include folders:</h2>
  D:\MDK5\Keil\STBlueNRG-LP_DFP\3.0.0\Drivers\CMSIS\Device\ST\BlueNRG_LP\Include

<h2>Collection of Component Files used:</h2>
Build Time Elapsed:  00:00:03
</pre>
</body>
</html>
